Component: Arm Compiler for Embedded 6.19 Tool: armlink [5e73cb00]

==============================================================================

Section Cross References

    startup_stm32f407xx.o(RESET) refers to startup_stm32f407xx.o(STACK) for __initial_sp
    startup_stm32f407xx.o(RESET) refers to startup_stm32f407xx.o(.text) for Reset_Handler
    startup_stm32f407xx.o(RESET) refers to stm32f4xx_it.o(.text.NMI_Handler) for NMI_Handler
    startup_stm32f407xx.o(RESET) refers to stm32f4xx_it.o(.text.HardFault_Handler) for HardFault_Handler
    startup_stm32f407xx.o(RESET) refers to stm32f4xx_it.o(.text.MemManage_Handler) for MemManage_Handler
    startup_stm32f407xx.o(RESET) refers to stm32f4xx_it.o(.text.BusFault_Handler) for BusFault_Handler
    startup_stm32f407xx.o(RESET) refers to stm32f4xx_it.o(.text.UsageFault_Handler) for UsageFault_Handler
    startup_stm32f407xx.o(RESET) refers to stm32f4xx_it.o(.text.SVC_Handler) for SVC_Handler
    startup_stm32f407xx.o(RESET) refers to stm32f4xx_it.o(.text.DebugMon_Handler) for DebugMon_Handler
    startup_stm32f407xx.o(RESET) refers to stm32f4xx_it.o(.text.PendSV_Handler) for PendSV_Handler
    startup_stm32f407xx.o(RESET) refers to stm32f4xx_it.o(.text.SysTick_Handler) for SysTick_Handler
    startup_stm32f407xx.o(RESET) refers to stm32f4xx_it.o(.text.EXTI0_IRQHandler) for EXTI0_IRQHandler
    startup_stm32f407xx.o(RESET) refers to stm32f4xx_it.o(.text.CAN1_RX0_IRQHandler) for CAN1_RX0_IRQHandler
    startup_stm32f407xx.o(RESET) refers to stm32f4xx_it.o(.text.DMA2_Stream0_IRQHandler) for DMA2_Stream0_IRQHandler
    startup_stm32f407xx.o(RESET) refers to stm32f4xx_it.o(.text.DMA2_Stream3_IRQHandler) for DMA2_Stream3_IRQHandler
    startup_stm32f407xx.o(.text) refers to system_stm32f4xx.o(.text.SystemInit) for SystemInit
    startup_stm32f407xx.o(.text) refers to entry.o(.ARM.Collect$$$$00000000) for __main
    main.o(.text.main) refers to stm32f4xx_hal.o(.text.HAL_Init) for HAL_Init
    main.o(.text.main) refers to main.o(.text.SystemClock_Config) for SystemClock_Config
    main.o(.text.main) refers to gpio.o(.text.MX_GPIO_Init) for MX_GPIO_Init
    main.o(.text.main) refers to dma.o(.text.MX_DMA_Init) for MX_DMA_Init
    main.o(.text.main) refers to tim.o(.text.MX_TIM4_Init) for MX_TIM4_Init
    main.o(.text.main) refers to spi.o(.text.MX_SPI1_Init) for MX_SPI1_Init
    main.o(.text.main) refers to tim.o(.text.MX_TIM1_Init) for MX_TIM1_Init
    main.o(.text.main) refers to can.o(.text.MX_CAN1_Init) for MX_CAN1_Init
    main.o(.text.main) refers to init_ctrl.o(.text.InitAll) for InitAll
    main.o(.text.main) refers to task_ctrl.o(.text.RunAll) for RunAll
    main.o(.ARM.exidx.text.main) refers to main.o(.text.main) for [Anonymous Symbol]
    main.o(.text.SystemClock_Config) refers to memseta.o(.text) for __aeabi_memclr4
    main.o(.text.SystemClock_Config) refers to stm32f4xx_hal_rcc.o(.text.HAL_RCC_OscConfig) for HAL_RCC_OscConfig
    main.o(.text.SystemClock_Config) refers to main.o(.text.Error_Handler) for Error_Handler
    main.o(.text.SystemClock_Config) refers to stm32f4xx_hal_rcc.o(.text.HAL_RCC_ClockConfig) for HAL_RCC_ClockConfig
    main.o(.ARM.exidx.text.SystemClock_Config) refers to main.o(.text.SystemClock_Config) for [Anonymous Symbol]
    main.o(.ARM.exidx.text.Error_Handler) refers to main.o(.text.Error_Handler) for [Anonymous Symbol]
    gpio.o(.text.MX_GPIO_Init) refers to stm32f4xx_hal_gpio.o(.text.HAL_GPIO_WritePin) for HAL_GPIO_WritePin
    gpio.o(.text.MX_GPIO_Init) refers to stm32f4xx_hal_gpio.o(.text.HAL_GPIO_Init) for HAL_GPIO_Init
    gpio.o(.text.MX_GPIO_Init) refers to stm32f4xx_hal_cortex.o(.text.HAL_NVIC_SetPriority) for HAL_NVIC_SetPriority
    gpio.o(.text.MX_GPIO_Init) refers to stm32f4xx_hal_cortex.o(.text.HAL_NVIC_EnableIRQ) for HAL_NVIC_EnableIRQ
    gpio.o(.ARM.exidx.text.MX_GPIO_Init) refers to gpio.o(.text.MX_GPIO_Init) for [Anonymous Symbol]
    can.o(.text.MX_CAN1_Init) refers to can.o(.bss.hcan1) for hcan1
    can.o(.text.MX_CAN1_Init) refers to stm32f4xx_hal_can.o(.text.HAL_CAN_Init) for HAL_CAN_Init
    can.o(.text.MX_CAN1_Init) refers to main.o(.text.Error_Handler) for Error_Handler
    can.o(.ARM.exidx.text.MX_CAN1_Init) refers to can.o(.text.MX_CAN1_Init) for [Anonymous Symbol]
    can.o(.text.HAL_CAN_MspInit) refers to stm32f4xx_hal_gpio.o(.text.HAL_GPIO_Init) for HAL_GPIO_Init
    can.o(.text.HAL_CAN_MspInit) refers to stm32f4xx_hal_cortex.o(.text.HAL_NVIC_SetPriority) for HAL_NVIC_SetPriority
    can.o(.text.HAL_CAN_MspInit) refers to stm32f4xx_hal_cortex.o(.text.HAL_NVIC_EnableIRQ) for HAL_NVIC_EnableIRQ
    can.o(.ARM.exidx.text.HAL_CAN_MspInit) refers to can.o(.text.HAL_CAN_MspInit) for [Anonymous Symbol]
    can.o(.text.HAL_CAN_MspDeInit) refers to stm32f4xx_hal_gpio.o(.text.HAL_GPIO_DeInit) for HAL_GPIO_DeInit
    can.o(.text.HAL_CAN_MspDeInit) refers to stm32f4xx_hal_cortex.o(.text.HAL_NVIC_DisableIRQ) for HAL_NVIC_DisableIRQ
[...]
    Removing util_spi.o(.text.SPI_ReceiveDMA), (64 bytes).
    Removing util_spi.o(.ARM.exidx.text.SPI_ReceiveDMA), (8 bytes).
    Removing util_spi.o(.text.SPI_Swap), (88 bytes).
    Removing util_spi.o(.ARM.exidx.text.SPI_Swap), (8 bytes).
    Removing util_spi.o(.text.SPI_SwapDMA), (74 bytes).
    Removing util_spi.o(.ARM.exidx.text.SPI_SwapDMA), (8 bytes).
    Removing util_spi.o(.text.SPI_SwapAbyte), (56 bytes).
    Removing util_spi.o(.ARM.exidx.text.SPI_SwapAbyte), (8 bytes).
    Removing util_spi.o(.text.SPI_ReadMuliReg), (56 bytes).
    Removing util_spi.o(.ARM.exidx.text.SPI_ReadMuliReg), (8 bytes).
    Removing util_can.o(.text), (0 bytes).
    Removing util_can.o(.ARM.exidx.text.CAN_InitTxHeader), (8 bytes).
    Removing util_can.o(.ARM.exidx.text.CAN_InitFilterAndStart), (8 bytes).
    Removing util_can.o(.ARM.exidx.text.CAN_ErrorHandler), (8 bytes).
    Removing util_can.o(.text.CAN_Send), (62 bytes).
    Removing util_can.o(.ARM.exidx.text.CAN_Send), (8 bytes).
    Removing sys_dwt.o(.text), (0 bytes).
    Removing sys_dwt.o(.text.DWT_GetDataPtr), (10 bytes).
    Removing sys_dwt.o(.ARM.exidx.text.DWT_GetDataPtr), (8 bytes).
    Removing sys_dwt.o(.text.DWT_Init), (124 bytes).
    Removing sys_dwt.o(.ARM.exidx.text.DWT_Init), (8 bytes).
    Removing sys_dwt.o(.text.DWT_GetDeltaT), (72 bytes).
    Removing sys_dwt.o(.ARM.exidx.text.DWT_GetDeltaT), (8 bytes).
    Removing sys_dwt.o(.text.DWT_GetDeltaTWithoutUpdate), (62 bytes).
    Removing sys_dwt.o(.ARM.exidx.text.DWT_GetDeltaTWithoutUpdate), (8 bytes).
    Removing sys_dwt.o(.text.DWT_SysTimeUpdate), (198 bytes).
    Removing sys_dwt.o(.ARM.exidx.text.DWT_SysTimeUpdate), (8 bytes).
    Removing sys_dwt.o(.text.DWT_CNT_Update), (94 bytes).
    Removing sys_dwt.o(.ARM.exidx.text.DWT_CNT_Update), (8 bytes).
    Removing sys_dwt.o(.text.DWT_GetTimeline_s), (88 bytes).
    Removing sys_dwt.o(.ARM.exidx.text.DWT_GetTimeline_s), (8 bytes).
    Removing sys_dwt.o(.text.DWT_GetTimeline_ms), (76 bytes).
    Removing sys_dwt.o(.ARM.exidx.text.DWT_GetTimeline_ms), (8 bytes).
    Removing sys_dwt.o(.text.DWT_GetTimeline_us), (54 bytes).
    Removing sys_dwt.o(.ARM.exidx.text.DWT_GetTimeline_us), (8 bytes).
    Removing sys_dwt.o(.text.DWT_Delay), (90 bytes).
    Removing sys_dwt.o(.ARM.exidx.text.DWT_Delay), (8 bytes).
    Removing sys_dwt.o(.text.DWT_Delayms), (90 bytes).
    Removing sys_dwt.o(.ARM.exidx.text.DWT_Delayms), (8 bytes).
    Removing sys_dwt.o(.text.DWT_Delayus), (90 bytes).
    Removing sys_dwt.o(.ARM.exidx.text.DWT_Delayus), (8 bytes).
    Removing sys_dwt.o(.bss.DWTData), (48 bytes).
    Removing sys_dwt.o(.bss.DWT_CNT_Update.pending), (1 bytes).
    Removing arm_cos_f32.o(.text), (0 bytes).
    Removing arm_cos_f32.o(.text.arm_cos_f32), (160 bytes).
    Removing arm_cos_f32.o(.ARM.exidx.text.arm_cos_f32), (8 bytes).
    Removing arm_sin_f32.o(.text), (0 bytes).
    Removing arm_sin_f32.o(.text.arm_sin_f32), (152 bytes).
    Removing arm_sin_f32.o(.ARM.exidx.text.arm_sin_f32), (8 bytes).
    Removing arm_mat_add_f32.o(.text), (0 bytes).
    Removing arm_mat_add_f32.o(.text.arm_mat_add_f32), (190 bytes).
    Removing arm_mat_add_f32.o(.ARM.exidx.text.arm_mat_add_f32), (8 bytes).
    Removing arm_mat_init_f32.o(.text), (0 bytes).
    Removing arm_mat_init_f32.o(.text.arm_mat_init_f32), (8 bytes).
    Removing arm_mat_init_f32.o(.ARM.exidx.text.arm_mat_init_f32), (8 bytes).
    Removing arm_mat_inverse_f32.o(.text), (0 bytes).
    Removing arm_mat_inverse_f32.o(.text.arm_mat_inverse_f32), (720 bytes).
    Removing arm_mat_inverse_f32.o(.ARM.exidx.text.arm_mat_inverse_f32), (8 bytes).
    Removing arm_mat_mult_f32.o(.text), (0 bytes).
    Removing arm_mat_mult_f32.o(.text.arm_mat_mult_f32), (316 bytes).
    Removing arm_mat_mult_f32.o(.ARM.exidx.text.arm_mat_mult_f32), (8 bytes).
    Removing arm_mat_sub_f32.o(.text), (0 bytes).
    Removing arm_mat_sub_f32.o(.text.arm_mat_sub_f32), (190 bytes).
    Removing arm_mat_sub_f32.o(.ARM.exidx.text.arm_mat_sub_f32), (8 bytes).
    Removing arm_mat_trans_f32.o(.text), (0 bytes).
    Removing arm_mat_trans_f32.o(.text.arm_mat_trans_f32), (178 bytes).
    Removing arm_mat_trans_f32.o(.ARM.exidx.text.arm_mat_trans_f32), (8 bytes).
    Removing arm_common_tables.o(.text), (0 bytes).
    Removing arm_common_tables.o(.rodata.armBitRevTable), (2048 bytes).
    Removing arm_common_tables.o(.rodata.twiddleCoef_16), (128 bytes).
    Removing arm_common_tables.o(.rodata.twiddleCoef_32), (256 bytes).
    Removing arm_common_tables.o(.rodata.twiddleCoef_64), (512 bytes).
    Removing arm_common_tables.o(.rodata.twiddleCoef_128), (1024 bytes).
    Removing arm_common_tables.o(.rodata.twiddleCoef_256), (2048 bytes).
    Removing arm_common_tables.o(.rodata.twiddleCoef_512), (4096 bytes).
    Removing arm_common_tables.o(.rodata.twiddleCoef_1024), (8192 bytes).
    Removing arm_common_tables.o(.rodata.twiddleCoef_2048), (16384 bytes).
    Removing arm_common_tables.o(.rodata.twiddleCoef_4096), (32768 bytes).
    Removing arm_common_tables.o(.rodata.twiddleCoef_16_q31), (96 bytes).
    Removing arm_common_tables.o(.rodata.twiddleCoef_32_q31), (192 bytes).
    Removing arm_common_tables.o(.rodata.twiddleCoef_64_q31), (384 bytes).
    Removing arm_common_tables.o(.rodata.twiddleCoef_128_q31), (768 bytes).
    Removing arm_common_tables.o(.rodata.twiddleCoef_256_q31), (1536 bytes).
    Removing arm_common_tables.o(.rodata.twiddleCoef_512_q31), (3072 bytes).
    Removing arm_common_tables.o(.rodata.twiddleCoef_1024_q31), (6144 bytes).
    Removing arm_common_tables.o(.rodata.twiddleCoef_2048_q31), (12288 bytes).
    Removing arm_common_tables.o(.rodata.twiddleCoef_4096_q31), (24576 bytes).
    Removing arm_common_tables.o(.rodata.twiddleCoef_16_q15), (48 bytes).
    Removing arm_common_tables.o(.rodata.twiddleCoef_32_q15), (96 bytes).
    Removing arm_common_tables.o(.rodata.twiddleCoef_64_q15), (192 bytes).
    Removing arm_common_tables.o(.rodata.twiddleCoef_128_q15), (384 bytes).
    Removing arm_common_tables.o(.rodata.twiddleCoef_256_q15), (768 bytes).
    Removing arm_common_tables.o(.rodata.twiddleCoef_512_q15), (1536 bytes).
    Removing arm_common_tables.o(.rodata.twiddleCoef_1024_q15), (3072 bytes).
    Removing arm_common_tables.o(.rodata.twiddleCoef_2048_q15), (6144 bytes).
    Removing arm_common_tables.o(.rodata.twiddleCoef_4096_q15), (12288 bytes).
    Removing arm_common_tables.o(.rodata.armRecipTableQ15), (128 bytes).
    Removing arm_common_tables.o(.rodata.armRecipTableQ31), (256 bytes).
    Removing arm_common_tables.o(.rodata.armBitRevIndexTable16), (40 bytes).
    Removing arm_common_tables.o(.rodata.armBitRevIndexTable32), (96 bytes).
    Removing arm_common_tables.o(.rodata.armBitRevIndexTable64), (112 bytes).
    Removing arm_common_tables.o(.rodata.armBitRevIndexTable128), (416 bytes).
    Removing arm_common_tables.o(.rodata.armBitRevIndexTable256), (880 bytes).
    Removing arm_common_tables.o(.rodata.armBitRevIndexTable512), (896 bytes).
    Removing arm_common_tables.o(.rodata.armBitRevIndexTable1024), (3600 bytes).
    Removing arm_common_tables.o(.rodata.armBitRevIndexTable2048), (7616 bytes).
    Removing arm_common_tables.o(.rodata.armBitRevIndexTable4096), (8064 bytes).
    Removing arm_common_tables.o(.rodata.armBitRevIndexTable_fixed_16), (24 bytes).
    Removing arm_common_tables.o(.rodata.armBitRevIndexTable_fixed_32), (48 bytes).
    Removing arm_common_tables.o(.rodata.armBitRevIndexTable_fixed_64), (112 bytes).
    Removing arm_common_tables.o(.rodata.armBitRevIndexTable_fixed_128), (224 bytes).
    Removing arm_common_tables.o(.rodata.armBitRevIndexTable_fixed_256), (480 bytes).
    Removing arm_common_tables.o(.rodata.armBitRevIndexTable_fixed_512), (960 bytes).
    Removing arm_common_tables.o(.rodata.armBitRevIndexTable_fixed_1024), (1984 bytes).
    Removing arm_common_tables.o(.rodata.armBitRevIndexTable_fixed_2048), (3968 bytes).
    Removing arm_common_tables.o(.rodata.armBitRevIndexTable_fixed_4096), (8064 bytes).
    Removing arm_common_tables.o(.rodata.twiddleCoef_rfft_32), (128 bytes).
    Removing arm_common_tables.o(.rodata.twiddleCoef_rfft_64), (256 bytes).
    Removing arm_common_tables.o(.rodata.twiddleCoef_rfft_128), (512 bytes).
    Removing arm_common_tables.o(.rodata.twiddleCoef_rfft_256), (1024 bytes).
    Removing arm_common_tables.o(.rodata.twiddleCoef_rfft_512), (2048 bytes).
    Removing arm_common_tables.o(.rodata.twiddleCoef_rfft_1024), (4096 bytes).
    Removing arm_common_tables.o(.rodata.twiddleCoef_rfft_2048), (8192 bytes).
    Removing arm_common_tables.o(.rodata.twiddleCoef_rfft_4096), (16384 bytes).
    Removing arm_common_tables.o(.rodata.sinTable_f32), (2052 bytes).
    Removing arm_common_tables.o(.rodata.sinTable_q31), (2052 bytes).
    Removing arm_common_tables.o(.rodata.sinTable_q15), (1026 bytes).
    Removing dadd.o(.text), (334 bytes).
    Removing dmul.o(.text), (228 bytes).
    Removing f2d.o(.text), (38 bytes).
    Removing d2f.o(.text), (56 bytes).
    Removing fepilogue.o(.text), (110 bytes).
    Removing depilogue.o(.text), (186 bytes).
    Removing fpstat.o(.text), (4 bytes).

1243 unused section(s) (total 317623 bytes) removed from the image.

==============================================================================

Image Symbol Table

    Local Symbols

    Symbol Name                              Value     Ov Type        Size  Object(Section)

    ../clib/microlib/division.c              0x00000000   Number         0  uldiv.o ABSOLUTE
    ../clib/microlib/errno.c                 0x00000000   Number         0  errno.o ABSOLUTE
    ../clib/microlib/init/entry.s            0x00000000   Number         0  entry.o ABSOLUTE
    ../clib/microlib/init/entry.s            0x00000000   Number         0  entry2.o ABSOLUTE
    ../clib/microlib/init/entry.s            0x00000000   Number         0  entry5.o ABSOLUTE
    ../clib/microlib/init/entry.s            0x00000000   Number         0  entry7a.o ABSOLUTE
    ../clib/microlib/init/entry.s            0x00000000   Number         0  entry7b.o ABSOLUTE
    ../clib/microlib/init/entry.s            0x00000000   Number         0  entry8a.o ABSOLUTE
    ../clib/microlib/init/entry.s            0x00000000   Number         0  entry8b.o ABSOLUTE
    ../clib/microlib/init/entry.s            0x00000000   Number         0  entry9a.o ABSOLUTE
    ../clib/microlib/init/entry.s            0x00000000   Number         0  entry9b.o ABSOLUTE
    ../clib/microlib/init/entry.s            0x00000000   Number         0  entry10a.o ABSOLUTE
    ../clib/microlib/init/entry.s            0x00000000   Number         0  entry10b.o ABSOLUTE
    ../clib/microlib/init/entry.s            0x00000000   Number         0  entry11a.o ABSOLUTE
    ../clib/microlib/init/entry.s            0x00000000   Number         0  entry11b.o ABSOLUTE
    ../clib/microlib/longlong.c              0x00000000   Number         0  llshl.o ABSOLUTE
    ../clib/microlib/longlong.c              0x00000000   Number         0  llushr.o ABSOLUTE
    ../clib/microlib/longlong.c              0x00000000   Number         0  llsshr.o ABSOLUTE
    ../clib/microlib/malloc/malloc.c         0x00000000   Number         0  malloc.o ABSOLUTE
    ../clib/microlib/malloc/malloc.c         0x00000000   Number         0  mallocr.o ABSOLUTE
    ../clib/microlib/malloc/malloc.c         0x00000000   Number         0  malloca.o ABSOLUTE
    ../clib/microlib/malloc/malloc.c         0x00000000   Number         0  mallocra.o ABSOLUTE
    ../clib/microlib/malloc/mvars.c          0x00000000   Number         0  mvars.o ABSOLUTE
    ../clib/microlib/string/memcpy.c         0x00000000   Number         0  memcpya.o ABSOLUTE
    ../clib/microlib/string/memcpy.c         0x00000000   Number         0  memcpyb.o ABSOLUTE
    ../clib/microlib/string/memset.c         0x00000000   Number         0  memseta.o ABSOLUTE
    ../clib/microlib/stubs.s                 0x00000000   Number         0  iusefp.o ABSOLUTE
    ../fplib/microlib/d2f.c                  0x00000000   Number         0  d2f.o ABSOLUTE
    ../fplib/microlib/f2d.c                  0x00000000   Number         0  f2d.o ABSOLUTE
    ../fplib/microlib/fpadd.c                0x00000000   Number         0  dadd.o ABSOLUTE
    ../fplib/microlib/fpepilogue.c           0x00000000   Number         0  fepilogue.o ABSOLUTE
    ../fplib/microlib/fpepilogue.c           0x00000000   Number         0  depilogue.o ABSOLUTE
    ../fplib/microlib/fpmul.c                0x00000000   Number         0  dmul.o ABSOLUTE
    ../fplib/microlib/fpstat.c               0x00000000   Number         0  fpstat.o ABSOLUTE
    ../mathlib/acosf.c                       0x00000000   Number         0  acosf.o ABSOLUTE
    ../mathlib/asinf.c                       0x00000000   Number         0  asinf.o ABSOLUTE
    ../mathlib/atan2f.c                      0x00000000   Number         0  atan2f.o ABSOLUTE
    ../mathlib/fpclassifyf.c                 0x00000000   Number         0  fpclassifyf.o ABSOLUTE
    ../mathlib/funder.c                      0x00000000   Number         0  funder.o ABSOLUTE
    ../mathlib/powf.c                        0x00000000   Number         0  powf.o ABSOLUTE
    ../mathlib/sqrtf.c                       0x00000000   Number         0  sqrtf.o ABSOLUTE
    alg_kf.c                                 0x00000000   Number         0  alg_kf.o ABSOLUTE
    alg_pid.c                                0x00000000   Number         0  alg_pid.o ABSOLUTE
    alg_qekf.c                               0x00000000   Number         0  alg_qekf.o ABSOLUTE
    app_ins.c                                0x00000000   Number         0  app_ins.o ABSOLUTE
    app_motor_test.c                         0x00000000   Number         0  app_motor_test.o ABSOLUTE
    arm_common_tables.c                      0x00000000   Number         0  arm_common_tables.o ABSOLUTE
    arm_cos_f32.c                            0x00000000   Number         0  arm_cos_f32.o ABSOLUTE
    arm_mat_add_f32.c                        0x00000000   Number         0  arm_mat_add_f32.o ABSOLUTE
    arm_mat_init_f32.c                       0x00000000   Number         0  arm_mat_init_f32.o ABSOLUTE
    arm_mat_inverse_f32.c                    0x00000000   Number         0  arm_mat_inverse_f32.o ABSOLUTE
    arm_mat_mult_f32.c                       0x00000000   Number         0  arm_mat_mult_f32.o ABSOLUTE
    arm_mat_sub_f32.c                        0x00000000   Number         0  arm_mat_sub_f32.o ABSOLUTE
    arm_mat_trans_f32.c                      0x00000000   Number         0  arm_mat_trans_f32.o ABSOLUTE
    arm_sin_f32.c                            0x00000000   Number         0  arm_sin_f32.o ABSOLUTE
    callback_ctrl.c                          0x00000000   Number         0  callback_ctrl.o ABSOLUTE
    can.c                                    0x00000000   Number         0  can.o ABSOLUTE
    dc.s                                     0x00000000   Number         0  dc.o ABSOLUTE
    dma.c                                    0x00000000   Number         0  dma.o ABSOLUTE
    gpio.c                                   0x00000000   Number         0  gpio.o ABSOLUTE
    handlers.s                               0x00000000   Number         0  handlers.o ABSOLUTE
    init.s                                   0x00000000   Number         0  init.o ABSOLUTE
    init_ctrl.c                              0x00000000   Number         0  init_ctrl.o ABSOLUTE
    lib_buff.c                               0x00000000   Number         0  lib_buff.o ABSOLUTE
    lib_crc.c                                0x00000000   Number         0  lib_crc.o ABSOLUTE
    lib_filter.c                             0x00000000   Number         0  lib_filter.o ABSOLUTE
    lib_math.c                               0x00000000   Number         0  lib_math.o ABSOLUTE
    main.c                                   0x00000000   Number         0  main.o ABSOLUTE
    periph_bmi088.c                          0x00000000   Number         0  periph_bmi088.o ABSOLUTE
    periph_buzzer.c                          0x00000000   Number         0  periph_buzzer.o ABSOLUTE
    periph_key.c                             0x00000000   Number         0  periph_key.o ABSOLUTE
    periph_led.c                             0x00000000   Number         0  periph_led.o ABSOLUTE
    periph_motor_can.c                       0x00000000   Number         0  periph_motor_can.o ABSOLUTE
    periph_servo.c                           0x00000000   Number         0  periph_servo.o ABSOLUTE
    protocol_motor.c                         0x00000000   Number         0  protocol_motor.o ABSOLUTE
    spi.c                                    0x00000000   Number         0  spi.o ABSOLUTE
    startup_stm32f407xx.s                    0x00000000   Number         0  startup_stm32f407xx.o ABSOLUTE
    stm32f4xx_hal.c                          0x00000000   Number         0  stm32f4xx_hal.o ABSOLUTE
    stm32f4xx_hal_can.c                      0x00000000   Number         0  stm32f4xx_hal_can.o ABSOLUTE
    stm32f4xx_hal_cortex.c                   0x00000000   Number         0  stm32f4xx_hal_cortex.o ABSOLUTE
    stm32f4xx_hal_dma.c                      0x00000000   Number         0  stm32f4xx_hal_dma.o ABSOLUTE
    stm32f4xx_hal_dma_ex.c                   0x00000000   Number         0  stm32f4xx_hal_dma_ex.o ABSOLUTE
    stm32f4xx_hal_exti.c                     0x00000000   Number         0  stm32f4xx_hal_exti.o ABSOLUTE
    stm32f4xx_hal_flash.c                    0x00000000   Number         0  stm32f4xx_hal_flash.o ABSOLUTE
    stm32f4xx_hal_flash_ex.c                 0x00000000   Number         0  stm32f4xx_hal_flash_ex.o ABSOLUTE
    stm32f4xx_hal_flash_ramfunc.c            0x00000000   Number         0  stm32f4xx_hal_flash_ramfunc.o ABSOLUTE
    stm32f4xx_hal_gpio.c                     0x00000000   Number         0  stm32f4xx_hal_gpio.o ABSOLUTE
    stm32f4xx_hal_msp.c                      0x00000000   Number         0  stm32f4xx_hal_msp.o ABSOLUTE
    stm32f4xx_hal_pwr.c                      0x00000000   Number         0  stm32f4xx_hal_pwr.o ABSOLUTE
    stm32f4xx_hal_pwr_ex.c                   0x00000000   Number         0  stm32f4xx_hal_pwr_ex.o ABSOLUTE
    stm32f4xx_hal_rcc.c                      0x00000000   Number         0  stm32f4xx_hal_rcc.o ABSOLUTE
    stm32f4xx_hal_rcc_ex.c                   0x00000000   Number         0  stm32f4xx_hal_rcc_ex.o ABSOLUTE
    stm32f4xx_hal_spi.c                      0x00000000   Number         0  stm32f4xx_hal_spi.o ABSOLUTE
    stm32f4xx_hal_tim.c                      0x00000000   Number         0  stm32f4xx_hal_tim.o ABSOLUTE
    stm32f4xx_hal_tim_ex.c                   0x00000000   Number         0  stm32f4xx_hal_tim_ex.o ABSOLUTE
    stm32f4xx_it.c                           0x00000000   Number         0  stm32f4xx_it.o ABSOLUTE
    sys_dwt.c                                0x00000000   Number         0  sys_dwt.o ABSOLUTE
    system_stm32f4xx.c                       0x00000000   Number         0  system_stm32f4xx.o ABSOLUTE
    task_ctrl.c                              0x00000000   Number         0  task_ctrl.o ABSOLUTE
    tim.c                                    0x00000000   Number         0  tim.o ABSOLUTE
    util_can.c                               0x00000000   Number         0  util_can.o ABSOLUTE
    util_gpio.c                              0x00000000   Number         0  util_gpio.o ABSOLUTE
    util_pwm.c                               0x00000000   Number         0  util_pwm.o ABSOLUTE
    util_spi.c                               0x00000000   Number         0  util_spi.o ABSOLUTE
    RESET                                    0x08000000   Section      392  startup_stm32f407xx.o(RESET)
    .ARM.Collect$$$$00000000                 0x08000188   Section        0  entry.o(.ARM.Collect$$$$00000000)
    .ARM.Collect$$$$00000001                 0x08000188   Section        4  entry2.o(.ARM.Collect$$$$00000001)
    .ARM.Collect$$$$00000004                 0x0800018c   Section        4  entry5.o(.ARM.Collect$$$$00000004)
    .ARM.Collect$$$$00000008                 0x08000190   Section        0  entry7b.o(.ARM.Collect$$$$00000008)
    .ARM.Collect$$$$0000000A                 0x08000190   Section        0  entry8b.o(.ARM.Collect$$$$0000000A)
    .ARM.Collect$$$$0000000B                 0x08000190   Section        8  entry9a.o(.ARM.Collect$$$$0000000B)
    __lit__00000000                          0x08000198   Data           4  entry2.o(.ARM.Collect$$$$00002712)
    .ARM.Collect$$$$0000000D                 0x08000198   Section        0  entry10a.o(.ARM.Collect$$$$0000000D)
    .ARM.Collect$$$$0000000F                 0x08000198   Section        0  entry11a.o(.ARM.Collect$$$$0000000F)
    .ARM.Collect$$$$00002712                 0x08000198   Section        4  entry2.o(.ARM.Collect$$$$00002712)
    $v0                                      0x0800019c   Number         0  startup_stm32f407xx.o(.text)
    .text                                    0x0800019c   Section       36  startup_stm32f407xx.o(.text)
    .text                                    0x080001c0   Section        0  uldiv.o(.text)
    .text                                    0x08000222   Section        0  memseta.o(.text)
    .text                                    0x08000246   Section        0  llshl.o(.text)
    .text                                    0x08000264   Section        0  llushr.o(.text)
    .text                                    0x08000284   Section       36  init.o(.text)
    [Anonymous Symbol]                       0x080002a8   Section        0  stm32f4xx_it.o(.text.BusFault_Handler)
    [Anonymous Symbol]                       0x080002ac   Section        0  periph_buzzer.o(.text.Buzzer_Init)
    [Anonymous Symbol]                       0x080002f0   Section        0  periph_buzzer.o(.text.Buzzer_Refresh)
    [Anonymous Symbol]                       0x08000374   Section        0  stm32f4xx_it.o(.text.CAN1_RX0_IRQHandler)
    [Anonymous Symbol]                       0x08000384   Section        0  util_can.o(.text.CAN_ErrorHandler)
    [Anonymous Symbol]                       0x0800038c   Section        0  util_can.o(.text.CAN_InitFilterAndStart)
    [Anonymous Symbol]                       0x0800043c   Section        0  util_can.o(.text.CAN_InitTxHeader)
    [Anonymous Symbol]                       0x08000460   Section        0  stm32f4xx_it.o(.text.DMA2_Stream0_IRQHandler)
    [Anonymous Symbol]                       0x08000470   Section        0  stm32f4xx_it.o(.text.DMA2_Stream3_IRQHandler)
    DMA_CalcBaseAndBitshift                  0x08000481   Thumb Code    86  stm32f4xx_hal_dma.o(.text.DMA_CalcBaseAndBitshift)
    [Anonymous Symbol]                       0x08000480   Section        0  stm32f4xx_hal_dma.o(.text.DMA_CalcBaseAndBitshift)
    DMA_CheckFifoParam                       0x080004d9   Thumb Code   240  stm32f4xx_hal_dma.o(.text.DMA_CheckFifoParam)
    [Anonymous Symbol]                       0x080004d8   Section        0  stm32f4xx_hal_dma.o(.text.DMA_CheckFifoParam)
    [Anonymous Symbol]                       0x080005c8   Section        0  stm32f4xx_it.o(.text.DebugMon_Handler)
    [Anonymous Symbol]                       0x080005cc   Section        0  stm32f4xx_it.o(.text.EXTI0_IRQHandler)
    [Anonymous Symbol]                       0x080005e4   Section        0  main.o(.text.Error_Handler)
    [Anonymous Symbol]                       0x080005f4   Section        0  lib_filter.o(.text.Filter_LowPassInit)
    [Anonymous Symbol]                       0x0800060c   Section        0  callback_ctrl.o(.text.GPIO_Callback)
    [Anonymous Symbol]                       0x08000630   Section        0  util_gpio.o(.text.GPIO_ReadPin)
    [Anonymous Symbol]                       0x08000654   Section        0  util_gpio.o(.text.GPIO_Reset)
    [Anonymous Symbol]                       0x08000674   Section        0  util_gpio.o(.text.GPIO_Set)
    [Anonymous Symbol]                       0x08000694   Section        0  stm32f4xx_hal_can.o(.text.HAL_CAN_ActivateNotification)
    [Anonymous Symbol]                       0x080006e8   Section        0  stm32f4xx_hal_can.o(.text.HAL_CAN_ConfigFilter)
    [Anonymous Symbol]                       0x0800088c   Section        0  stm32f4xx_hal_can.o(.text.HAL_CAN_ErrorCallback)
    [Anonymous Symbol]                       0x08000894   Section        0  stm32f4xx_hal_can.o(.text.HAL_CAN_GetRxMessage)
    [Anonymous Symbol]                       0x08000a84   Section        0  stm32f4xx_hal_can.o(.text.HAL_CAN_IRQHandler)
    [Anonymous Symbol]                       0x08000e78   Section        0  stm32f4xx_hal_can.o(.text.HAL_CAN_Init)
    [Anonymous Symbol]                       0x08001058   Section        0  can.o(.text.HAL_CAN_MspInit)
    [Anonymous Symbol]                       0x080010fc   Section        0  stm32f4xx_hal_can.o(.text.HAL_CAN_RxFifo0FullCallback)
    [Anonymous Symbol]                       0x08001104   Section        0  callback_ctrl.o(.text.HAL_CAN_RxFifo0MsgPendingCallback)
    [Anonymous Symbol]                       0x08001134   Section        0  stm32f4xx_hal_can.o(.text.HAL_CAN_RxFifo1FullCallback)
    [Anonymous Symbol]                       0x0800113c   Section        0  callback_ctrl.o(.text.HAL_CAN_RxFifo1MsgPendingCallback)
    [Anonymous Symbol]                       0x0800116c   Section        0  stm32f4xx_hal_can.o(.text.HAL_CAN_SleepCallback)
    [Anonymous Symbol]                       0x08001174   Section        0  stm32f4xx_hal_can.o(.text.HAL_CAN_Start)
    [Anonymous Symbol]                       0x08001200   Section        0  stm32f4xx_hal_can.o(.text.HAL_CAN_TxMailbox0AbortCallback)
    [Anonymous Symbol]                       0x08001208   Section        0  stm32f4xx_hal_can.o(.text.HAL_CAN_TxMailbox0CompleteCallback)
    [Anonymous Symbol]                       0x08001210   Section        0  stm32f4xx_hal_can.o(.text.HAL_CAN_TxMailbox1AbortCallback)
    [Anonymous Symbol]                       0x08001218   Section        0  stm32f4xx_hal_can.o(.text.HAL_CAN_TxMailbox1CompleteCallback)
    [Anonymous Symbol]                       0x08001220   Section        0  stm32f4xx_hal_can.o(.text.HAL_CAN_TxMailbox2AbortCallback)
    [Anonymous Symbol]                       0x08001228   Section        0  stm32f4xx_hal_can.o(.text.HAL_CAN_TxMailbox2CompleteCallback)
    [Anonymous Symbol]                       0x08001230   Section        0  stm32f4xx_hal_can.o(.text.HAL_CAN_WakeUpFromRxMsgCallback)
    [Anonymous Symbol]                       0x08001238   Section        0  stm32f4xx_hal_dma.o(.text.HAL_DMA_IRQHandler)
    [Anonymous Symbol]                       0x08001558   Section        0  stm32f4xx_hal_dma.o(.text.HAL_DMA_Init)
    [Anonymous Symbol]                       0x080016c8   Section        0  stm32f4xx_hal.o(.text.HAL_Delay)
    [Anonymous Symbol]                       0x0800170c   Section        0  stm32f4xx_hal_gpio.o(.text.HAL_GPIO_EXTI_Callback)
    [Anonymous Symbol]                       0x08001718   Section        0  stm32f4xx_hal_gpio.o(.text.HAL_GPIO_EXTI_IRQHandler)
    [Anonymous Symbol]                       0x08001750   Section        0  stm32f4xx_hal_gpio.o(.text.HAL_GPIO_Init)
    [Anonymous Symbol]                       0x08001b08   Section        0  stm32f4xx_hal_gpio.o(.text.HAL_GPIO_ReadPin)
    [Anonymous Symbol]                       0x08001b38   Section        0  stm32f4xx_hal_gpio.o(.text.HAL_GPIO_TogglePin)
    [Anonymous Symbol]                       0x08001b60   Section        0  stm32f4xx_hal_gpio.o(.text.HAL_GPIO_WritePin)
    [Anonymous Symbol]                       0x08001b90   Section        0  stm32f4xx_hal.o(.text.HAL_GetTick)
    [Anonymous Symbol]                       0x08001b9c   Section        0  stm32f4xx_hal.o(.text.HAL_IncTick)
    [Anonymous Symbol]                       0x08001bb8   Section        0  stm32f4xx_hal.o(.text.HAL_Init)
    [Anonymous Symbol]                       0x08001bf0   Section        0  stm32f4xx_hal.o(.text.HAL_InitTick)
    [Anonymous Symbol]                       0x08001c60   Section        0  stm32f4xx_hal_msp.o(.text.HAL_MspInit)
    [Anonymous Symbol]                       0x08001cac   Section        0  stm32f4xx_hal_cortex.o(.text.HAL_NVIC_EnableIRQ)
    [Anonymous Symbol]                       0x08001cc0   Section        0  stm32f4xx_hal_cortex.o(.text.HAL_NVIC_SetPriority)
    [Anonymous Symbol]                       0x08001cf4   Section        0  stm32f4xx_hal_cortex.o(.text.HAL_NVIC_SetPriorityGrouping)
    [Anonymous Symbol]                       0x08001d04   Section        0  stm32f4xx_hal_rcc.o(.text.HAL_RCC_ClockConfig)
    [Anonymous Symbol]                       0x08001f68   Section        0  stm32f4xx_hal_rcc.o(.text.HAL_RCC_GetSysClockFreq)
    [Anonymous Symbol]                       0x08002050   Section        0  stm32f4xx_hal_rcc.o(.text.HAL_RCC_OscConfig)
    [Anonymous Symbol]                       0x08002710   Section        0  stm32f4xx_hal_spi.o(.text.HAL_SPI_Init)
    [Anonymous Symbol]                       0x08002810   Section        0  spi.o(.text.HAL_SPI_MspInit)
    [Anonymous Symbol]                       0x080029a4   Section        0  stm32f4xx_hal_cortex.o(.text.HAL_SYSTICK_Config)
    [Anonymous Symbol]                       0x080029b4   Section        0  stm32f4xx_hal_tim_ex.o(.text.HAL_TIMEx_ConfigBreakDeadTime)
    [Anonymous Symbol]                       0x08002a68   Section        0  stm32f4xx_hal_tim_ex.o(.text.HAL_TIMEx_MasterConfigSynchronization)
    [Anonymous Symbol]                       0x08002b8c   Section        0  stm32f4xx_hal_tim.o(.text.HAL_TIM_Base_Init)
    [Anonymous Symbol]                       0x08002c28   Section        0  tim.o(.text.HAL_TIM_Base_MspInit)
    [Anonymous Symbol]                       0x08002c9c   Section        0  stm32f4xx_hal_tim.o(.text.HAL_TIM_ConfigClockSource)
    [Anonymous Symbol]                       0x08002e20   Section        0  tim.o(.text.HAL_TIM_MspPostInit)
    [Anonymous Symbol]                       0x08002ee4   Section        0  stm32f4xx_hal_tim.o(.text.HAL_TIM_PWM_ConfigChannel)
    [Anonymous Symbol]                       0x08003028   Section        0  stm32f4xx_hal_tim.o(.text.HAL_TIM_PWM_Init)
    [Anonymous Symbol]                       0x080030c4   Section        0  stm32f4xx_hal_tim.o(.text.HAL_TIM_PWM_MspInit)
    [Anonymous Symbol]                       0x080030cc   Section        0  stm32f4xx_hal_tim.o(.text.HAL_TIM_PWM_Start)
    [Anonymous Symbol]                       0x08003298   Section        0  stm32f4xx_hal_tim.o(.text.HAL_TIM_PWM_Stop)
    [Anonymous Symbol]                       0x080033a0   Section        0  stm32f4xx_it.o(.text.HardFault_Handler)
    [Anonymous Symbol]                       0x080033a4   Section        0  init_ctrl.o(.text.InitAll)
    [Anonymous Symbol]                       0x0800341c   Section        0  callback_ctrl.o(.text.Key_EventHandler)
    [Anonymous Symbol]                       0x080034c8   Section        0  periph_led.o(.text.LED_Init)
    [Anonymous Symbol]                       0x08003504   Section        0  periph_led.o(.text.LED_Refresh)
    [Anonymous Symbol]                       0x08003564   Section        0  can.o(.text.MX_CAN1_Init)
    [Anonymous Symbol]                       0x080035b4   Section        0  dma.o(.text.MX_DMA_Init)
    [Anonymous Symbol]                       0x08003604   Section        0  gpio.o(.text.MX_GPIO_Init)
    [Anonymous Symbol]                       0x0800376c   Section        0  spi.o(.text.MX_SPI1_Init)
    [Anonymous Symbol]                       0x080037c0   Section        0  tim.o(.text.MX_TIM1_Init)
    [Anonymous Symbol]                       0x080038dc   Section        0  tim.o(.text.MX_TIM4_Init)
    [Anonymous Symbol]                       0x080039b4   Section        0  stm32f4xx_it.o(.text.MemManage_Handler)
    [Anonymous Symbol]                       0x080039b8   Section        0  app_motor_test.o(.text.MotorTest_Init)
    [Anonymous Symbol]                       0x08003a64   Section        0  protocol_motor.o(.text.Motor_CAN_Decode)
    [Anonymous Symbol]                       0x08003aa4   Section        0  periph_motor_can.o(.text.Motor_Init)
    [Anonymous Symbol]                       0x08003ad4   Section        0  periph_motor_can.o(.text.Motor_InitGroup)
    [Anonymous Symbol]                       0x08003b38   Section        0  stm32f4xx_it.o(.text.NMI_Handler)
    NVIC_EncodePriority                      0x08003b3d   Thumb Code   108  stm32f4xx_hal_cortex.o(.text.NVIC_EncodePriority)
    [Anonymous Symbol]                       0x08003b3c   Section        0  stm32f4xx_hal_cortex.o(.text.NVIC_EncodePriority)
    [Anonymous Symbol]                       0x08003ba8   Section        0  alg_pid.o(.text.PID_Init)
    [Anonymous Symbol]                       0x08003c34   Section        0  util_pwm.o(.text.PWM_Init)
    [Anonymous Symbol]                       0x08003c6c   Section        0  util_pwm.o(.text.PWM_SetDuty)
    [Anonymous Symbol]                       0x08003cd0   Section        0  util_pwm.o(.text.PWM_SetFreq)
    [Anonymous Symbol]                       0x08003d2c   Section        0  util_pwm.o(.text.PWM_Start)
    [Anonymous Symbol]                       0x08003d50   Section        0  util_pwm.o(.text.PWM_Stop)
    [Anonymous Symbol]                       0x08003d78   Section        0  stm32f4xx_it.o(.text.PendSV_Handler)
    [Anonymous Symbol]                       0x08003d7c   Section        0  task_ctrl.o(.text.RunAll)
    [Anonymous Symbol]                       0x08003da0   Section        0  stm32f4xx_it.o(.text.SVC_Handler)
    [Anonymous Symbol]                       0x08003da4   Section        0  periph_servo.o(.text.Servo_Init)
    [Anonymous Symbol]                       0x08003df0   Section        0  periph_servo.o(.text.Servo_SetAngle)
    SysTick_Config                           0x08003e29   Thumb Code    82  stm32f4xx_hal_cortex.o(.text.SysTick_Config)
    [Anonymous Symbol]                       0x08003e28   Section        0  stm32f4xx_hal_cortex.o(.text.SysTick_Config)
    [Anonymous Symbol]                       0x08003e7c   Section        0  stm32f4xx_it.o(.text.SysTick_Handler)
    [Anonymous Symbol]                       0x08003e84   Section        0  main.o(.text.SystemClock_Config)
    [Anonymous Symbol]                       0x08003f40   Section        0  system_stm32f4xx.o(.text.SystemInit)
    [Anonymous Symbol]                       0x08003f54   Section        0  stm32f4xx_hal_tim.o(.text.TIM_Base_SetConfig)
    [Anonymous Symbol]                       0x080040f0   Section        0  stm32f4xx_hal_tim.o(.text.TIM_CCxChannelCmd)
    [Anonymous Symbol]                       0x08004128   Section        0  stm32f4xx_hal_tim.o(.text.TIM_ETR_SetConfig)
    TIM_ITRx_SetConfig                       0x0800415d   Thumb Code    42  stm32f4xx_hal_tim.o(.text.TIM_ITRx_SetConfig)
    [Anonymous Symbol]                       0x0800415c   Section        0  stm32f4xx_hal_tim.o(.text.TIM_ITRx_SetConfig)
    TIM_OC1_SetConfig                        0x08004189   Thumb Code   234  stm32f4xx_hal_tim.o(.text.TIM_OC1_SetConfig)
    [Anonymous Symbol]                       0x08004188   Section        0  stm32f4xx_hal_tim.o(.text.TIM_OC1_SetConfig)
    [Anonymous Symbol]                       0x08004274   Section        0  stm32f4xx_hal_tim.o(.text.TIM_OC2_SetConfig)
    TIM_OC3_SetConfig                        0x08004369   Thumb Code   242  stm32f4xx_hal_tim.o(.text.TIM_OC3_SetConfig)
    [Anonymous Symbol]                       0x08004368   Section        0  stm32f4xx_hal_tim.o(.text.TIM_OC3_SetConfig)
    TIM_OC4_SetConfig                        0x0800445d   Thumb Code   164  stm32f4xx_hal_tim.o(.text.TIM_OC4_SetConfig)
    [Anonymous Symbol]                       0x0800445c   Section        0  stm32f4xx_hal_tim.o(.text.TIM_OC4_SetConfig)
    TIM_TI1_ConfigInputStage                 0x08004501   Thumb Code    80  stm32f4xx_hal_tim.o(.text.TIM_TI1_ConfigInputStage)
    [Anonymous Symbol]                       0x08004500   Section        0  stm32f4xx_hal_tim.o(.text.TIM_TI1_ConfigInputStage)
    TIM_TI2_ConfigInputStage                 0x08004551   Thumb Code    82  stm32f4xx_hal_tim.o(.text.TIM_TI2_ConfigInputStage)
    [Anonymous Symbol]                       0x08004550   Section        0  stm32f4xx_hal_tim.o(.text.TIM_TI2_ConfigInputStage)
    [Anonymous Symbol]                       0x080045a4   Section        0  stm32f4xx_it.o(.text.UsageFault_Handler)
    __NVIC_EnableIRQ                         0x080045a9   Thumb Code    48  stm32f4xx_hal_cortex.o(.text.__NVIC_EnableIRQ)
    [Anonymous Symbol]                       0x080045a8   Section        0  stm32f4xx_hal_cortex.o(.text.__NVIC_EnableIRQ)
    __NVIC_GetPriorityGrouping               0x080045d9   Thumb Code    16  stm32f4xx_hal_cortex.o(.text.__NVIC_GetPriorityGrouping)
    [Anonymous Symbol]                       0x080045d8   Section        0  stm32f4xx_hal_cortex.o(.text.__NVIC_GetPriorityGrouping)
    __NVIC_SetPriority                       0x080045e9   Thumb Code    66  stm32f4xx_hal_cortex.o(.text.__NVIC_SetPriority)
    [Anonymous Symbol]                       0x080045e8   Section        0  stm32f4xx_hal_cortex.o(.text.__NVIC_SetPriority)
    __NVIC_SetPriorityGrouping               0x0800462d   Thumb Code    60  stm32f4xx_hal_cortex.o(.text.__NVIC_SetPriorityGrouping)
    [Anonymous Symbol]                       0x0800462c   Section        0  stm32f4xx_hal_cortex.o(.text.__NVIC_SetPriorityGrouping)
    init_all_leds                            0x08004669   Thumb Code    64  init_ctrl.o(.text.init_all_leds)
    [Anonymous Symbol]                       0x08004668   Section        0  init_ctrl.o(.text.init_all_leds)
    init_all_motors                          0x080046a9   Thumb Code    70  init_ctrl.o(.text.init_all_motors)
    [Anonymous Symbol]                       0x080046a8   Section        0  init_ctrl.o(.text.init_all_motors)
    m2006_decode                             0x080046f1   Thumb Code   272  protocol_motor.o(.text.m2006_decode)
    [Anonymous Symbol]                       0x080046f0   Section        0  protocol_motor.o(.text.m2006_decode)
    [Anonymous Symbol]                       0x08004800   Section        0  main.o(.text.main)
    i.__scatterload_copy                     0x08004834   Section       14  handlers.o(i.__scatterload_copy)
    i.__scatterload_null                     0x08004842   Section        2  handlers.o(i.__scatterload_null)
    i.__scatterload_zeroinit                 0x08004844   Section       14  handlers.o(i.__scatterload_zeroinit)
    DMA_CalcBaseAndBitshift.flagBitshiftOffset 0x08004862   Data           8  stm32f4xx_hal_dma.o(.rodata.DMA_CalcBaseAndBitshift.flagBitshiftOffset)
    [Anonymous Symbol]                       0x08004862   Section        0  stm32f4xx_hal_dma.o(.rodata.DMA_CalcBaseAndBitshift.flagBitshiftOffset)
    STACK                                    0x20000498   Section     8192  startup_stm32f407xx.o(STACK)

    Global Symbols

    Symbol Name                              Value     Ov Type        Size  Object(Section)

    BuildAttributes$$THM_ISAv4$E$P$D$K$B$S$7EM$VFPi3$EXTD16$VFPS$VFMA$PE$A:L22UL41UL21$X:L11$S22US41US21$IEEE1$IW$~IW$USESV6$~STKCKD$USESV7$~SHL$OTIME$ROPI$IEEEX$EBA8$MICROLIB$REQ8$PRES8$EABIv2 0x00000000   Number         0  anon$$obj.o ABSOLUTE
    __cpp_initialize__aeabi_                  - Undefined Weak Reference
    __cxa_finalize                            - Undefined Weak Reference
    __decompress                              - Undefined Weak Reference
    _clock_init                               - Undefined Weak Reference
    _microlib_exit                            - Undefined Weak Reference
    __Vectors_Size                           0x00000188   Number         0  startup_stm32f407xx.o ABSOLUTE
    __Vectors                                0x08000000   Data           4  startup_stm32f407xx.o(RESET)
    __Vectors_End                            0x08000188   Data           0  startup_stm32f407xx.o(RESET)
    __main                                   0x08000189   Thumb Code     0  entry.o(.ARM.Collect$$$$00000000)
    _main_stk                                0x08000189   Thumb Code     0  entry2.o(.ARM.Collect$$$$00000001)
    _main_scatterload                        0x0800018d   Thumb Code     0  entry5.o(.ARM.Collect$$$$00000004)
    __main_after_scatterload                 0x08000191   Thumb Code     0  entry5.o(.ARM.Collect$$$$00000004)
    _main_clock                              0x08000191   Thumb Code     0  entry7b.o(.ARM.Collect$$$$00000008)
    _main_cpp_init                           0x08000191   Thumb Code     0  entry8b.o(.ARM.Collect$$$$0000000A)
    _main_init                               0x08000191   Thumb Code     0  entry9a.o(.ARM.Collect$$$$0000000B)
    __rt_final_cpp                           0x08000199   Thumb Code     0  entry10a.o(.ARM.Collect$$$$0000000D)
    __rt_final_exit                          0x08000199   Thumb Code     0  entry11a.o(.ARM.Collect$$$$0000000F)
    Reset_Handler                            0x0800019d   Thumb Code     8  startup_stm32f407xx.o(.text)
    ADC_IRQHandler                           0x080001b7   Thumb Code     0  startup_stm32f407xx.o(.text)
    CAN1_RX1_IRQHandler                      0x080001b7   Thumb Code     0  startup_stm32f407xx.o(.text)
    CAN1_SCE_IRQHandler                      0x080001b7   Thumb Code     0  startup_stm32f407xx.o(.text)
    CAN1_TX_IRQHandler                       0x080001b7   Thumb Code     0  startup_stm32f407xx.o(.text)
    CAN2_RX0_IRQHandler                      0x080001b7   Thumb Code     0  startup_stm32f407xx.o(.text)
    CAN2_RX1_IRQHandler                      0x080001b7   Thumb Code     0  startup_stm32f407xx.o(.text)
    CAN2_SCE_IRQHandler                      0x080001b7   Thumb Code     0  startup_stm32f407xx.o(.text)
    CAN2_TX_IRQHandler                       0x080001b7   Thumb Code     0  startup_stm32f407xx.o(.text)
    DCMI_IRQHandler                          0x080001b7   Thumb Code     0  startup_stm32f407xx.o(.text)
    DMA1_Stream0_IRQHandler                  0x080001b7   Thumb Code     0  startup_stm32f407xx.o(.text)
    DMA1_Stream1_IRQHandler                  0x080001b7   Thumb Code     0  startup_stm32f407xx.o(.text)
    DMA1_Stream2_IRQHandler                  0x080001b7   Thumb Code     0  startup_stm32f407xx.o(.text)
    DMA1_Stream3_IRQHandler                  0x080001b7   Thumb Code     0  startup_stm32f407xx.o(.text)
    DMA1_Stream4_IRQHandler                  0x080001b7   Thumb Code     0  startup_stm32f407xx.o(.text)
    DMA1_Stream5_IRQHandler                  0x080001b7   Thumb Code     0  startup_stm32f407xx.o(.text)
    DMA1_Stream6_IRQHandler                  0x080001b7   Thumb Code     0  startup_stm32f407xx.o(.text)
    DMA1_Stream7_IRQHandler                  0x080001b7   Thumb Code     0  startup_stm32f407xx.o(.text)
    DMA2_Stream1_IRQHandler                  0x080001b7   Thumb Code     0  startup_stm32f407xx.o(.text)
    DMA2_Stream2_IRQHandler                  0x080001b7   Thumb Code     0  startup_stm32f407xx.o(.text)
    DMA2_Stream4_IRQHandler                  0x080001b7   Thumb Code     0  startup_stm32f407xx.o(.text)
    DMA2_Stream5_IRQHandler                  0x080001b7   Thumb Code     0  startup_stm32f407xx.o(.text)
    DMA2_Stream6_IRQHandler                  0x080001b7   Thumb Code     0  startup_stm32f407xx.o(.text)
    DMA2_Stream7_IRQHandler                  0x080001b7   Thumb Code     0  startup_stm32f407xx.o(.text)
    ETH_IRQHandler                           0x080001b7   Thumb Code     0  startup_stm32f407xx.o(.text)
    ETH_WKUP_IRQHandler                      0x080001b7   Thumb Code     0  startup_stm32f407xx.o(.text)
    EXTI15_10_IRQHandler                     0x080001b7   Thumb Code     0  startup_stm32f407xx.o(.text)
    EXTI1_IRQHandler                         0x080001b7   Thumb Code     0  startup_stm32f407xx.o(.text)
    EXTI2_IRQHandler                         0x080001b7   Thumb Code     0  startup_stm32f407xx.o(.text)
    EXTI3_IRQHandler                         0x080001b7   Thumb Code     0  startup_stm32f407xx.o(.text)
    EXTI4_IRQHandler                         0x080001b7   Thumb Code     0  startup_stm32f407xx.o(.text)
    EXTI9_5_IRQHandler                       0x080001b7   Thumb Code     0  startup_stm32f407xx.o(.text)
    FLASH_IRQHandler                         0x080001b7   Thumb Code     0  startup_stm32f407xx.o(.text)
    FMC_IRQHandler                           0x080001b7   Thumb Code     0  startup_stm32f407xx.o(.text)
    FPU_IRQHandler                           0x080001b7   Thumb Code     0  startup_stm32f407xx.o(.text)
    HASH_RNG_IRQHandler                      0x080001b7   Thumb Code     0  startup_stm32f407xx.o(.text)
    I2C1_ER_IRQHandler                       0x080001b7   Thumb Code     0  startup_stm32f407xx.o(.text)
    I2C1_EV_IRQHandler                       0x080001b7   Thumb Code     0  startup_stm32f407xx.o(.text)
    I2C2_ER_IRQHandler                       0x080001b7   Thumb Code     0  startup_stm32f407xx.o(.text)
    I2C2_EV_IRQHandler                       0x080001b7   Thumb Code     0  startup_stm32f407xx.o(.text)
    I2C3_ER_IRQHandler                       0x080001b7   Thumb Code     0  startup_stm32f407xx.o(.text)
    I2C3_EV_IRQHandler                       0x080001b7   Thumb Code     0  startup_stm32f407xx.o(.text)
    OTG_FS_IRQHandler                        0x080001b7   Thumb Code     0  startup_stm32f407xx.o(.text)
    OTG_FS_WKUP_IRQHandler                   0x080001b7   Thumb Code     0  startup_stm32f407xx.o(.text)
    OTG_HS_EP1_IN_IRQHandler                 0x080001b7   Thumb Code     0  startup_stm32f407xx.o(.text)
    OTG_HS_EP1_OUT_IRQHandler                0x080001b7   Thumb Code     0  startup_stm32f407xx.o(.text)
    OTG_HS_IRQHandler                        0x080001b7   Thumb Code     0  startup_stm32f407xx.o(.text)
    OTG_HS_WKUP_IRQHandler                   0x080001b7   Thumb Code     0  startup_stm32f407xx.o(.text)
    PVD_IRQHandler                           0x080001b7   Thumb Code     0  startup_stm32f407xx.o(.text)
    RCC_IRQHandler                           0x080001b7   Thumb Code     0  startup_stm32f407xx.o(.text)
    RTC_Alarm_IRQHandler                     0x080001b7   Thumb Code     0  startup_stm32f407xx.o(.text)
    RTC_WKUP_IRQHandler                      0x080001b7   Thumb Code     0  startup_stm32f407xx.o(.text)
    SDIO_IRQHandler                          0x080001b7   Thumb Code     0  startup_stm32f407xx.o(.text)
    SPI1_IRQHandler                          0x080001b7   Thumb Code     0  startup_stm32f407xx.o(.text)
    SPI2_IRQHandler                          0x080001b7   Thumb Code     0  startup_stm32f407xx.o(.text)
    SPI3_IRQHandler                          0x080001b7   Thumb Code     0  startup_stm32f407xx.o(.text)
    TAMP_STAMP_IRQHandler                    0x080001b7   Thumb Code     0  startup_stm32f407xx.o(.text)
    TIM1_BRK_TIM9_IRQHandler                 0x080001b7   Thumb Code     0  startup_stm32f407xx.o(.text)
    TIM1_CC_IRQHandler                       0x080001b7   Thumb Code     0  startup_stm32f407xx.o(.text)
    TIM1_TRG_COM_TIM11_IRQHandler            0x080001b7   Thumb Code     0  startup_stm32f407xx.o(.text)
    TIM1_UP_TIM10_IRQHandler                 0x080001b7   Thumb Code     0  startup_stm32f407xx.o(.text)
    TIM2_IRQHandler                          0x080001b7   Thumb Code     0  startup_stm32f407xx.o(.text)
    TIM3_IRQHandler                          0x080001b7   Thumb Code     0  startup_stm32f407xx.o(.text)
    TIM4_IRQHandler                          0x080001b7   Thumb Code     0  startup_stm32f407xx.o(.text)
    TIM5_IRQHandler                          0x080001b7   Thumb Code     0  startup_stm32f407xx.o(.text)
    TIM6_DAC_IRQHandler                      0x080001b7   Thumb Code     0  startup_stm32f407xx.o(.text)
    TIM7_IRQHandler                          0x080001b7   Thumb Code     0  startup_stm32f407xx.o(.text)
    TIM8_BRK_TIM12_IRQHandler                0x080001b7   Thumb Code     0  startup_stm32f407xx.o(.text)
    TIM8_CC_IRQHandler                       0x080001b7   Thumb Code     0  startup_stm32f407xx.o(.text)
    TIM8_TRG_COM_TIM14_IRQHandler            0x080001b7   Thumb Code     0  startup_stm32f407xx.o(.text)
    TIM8_UP_TIM13_IRQHandler                 0x080001b7   Thumb Code     0  startup_stm32f407xx.o(.text)
    UART4_IRQHandler                         0x080001b7   Thumb Code     0  startup_stm32f407xx.o(.text)
    UART5_IRQHandler                         0x080001b7   Thumb Code     0  startup_stm32f407xx.o(.text)
    USART1_IRQHandler                        0x080001b7   Thumb Code     0  startup_stm32f407xx.o(.text)
    USART2_IRQHandler                        0x080001b7   Thumb Code     0  startup_stm32f407xx.o(.text)
    USART3_IRQHandler                        0x080001b7   Thumb Code     0  startup_stm32f407xx.o(.text)
    USART6_IRQHandler                        0x080001b7   Thumb Code     0  startup_stm32f407xx.o(.text)
    WWDG_IRQHandler                          0x080001b7   Thumb Code     0  startup_stm32f407xx.o(.text)
    __aeabi_uldivmod                         0x080001c1   Thumb Code    98  uldiv.o(.text)
    __aeabi_memset                           0x08000223   Thumb Code    14  memseta.o(.text)
    __aeabi_memset4                          0x08000223   Thumb Code     0  memseta.o(.text)
    __aeabi_memset8                          0x08000223   Thumb Code     0  memseta.o(.text)
    __aeabi_memclr                           0x08000231   Thumb Code     4  memseta.o(.text)
    __aeabi_memclr4                          0x08000231   Thumb Code     0  memseta.o(.text)
    __aeabi_memclr8                          0x08000231   Thumb Code     0  memseta.o(.text)
    _memset$wrapper                          0x08000235   Thumb Code    18  memseta.o(.text)
    __aeabi_llsl                             0x08000247   Thumb Code    30  llshl.o(.text)
    _ll_shift_l                              0x08000247   Thumb Code     0  llshl.o(.text)
    __aeabi_llsr                             0x08000265   Thumb Code    32  llushr.o(.text)
    _ll_ushift_r                             0x08000265   Thumb Code     0  llushr.o(.text)
    __scatterload                            0x08000285   Thumb Code    28  init.o(.text)
    __scatterload_rt2                        0x08000285   Thumb Code     0  init.o(.text)
    BusFault_Handler                         0x080002a9   Thumb Code     4  stm32f4xx_it.o(.text.BusFault_Handler)
    Buzzer_Init                              0x080002ad   Thumb Code    68  periph_buzzer.o(.text.Buzzer_Init)
    Buzzer_Refresh                           0x080002f1   Thumb Code   132  periph_buzzer.o(.text.Buzzer_Refresh)
    CAN1_RX0_IRQHandler                      0x08000375   Thumb Code    16  stm32f4xx_it.o(.text.CAN1_RX0_IRQHandler)
    CAN_ErrorHandler                         0x08000385   Thumb Code     8  util_can.o(.text.CAN_ErrorHandler)
    CAN_InitFilterAndStart                   0x0800038d   Thumb Code   176  util_can.o(.text.CAN_InitFilterAndStart)
    CAN_InitTxHeader                         0x0800043d   Thumb Code    36  util_can.o(.text.CAN_InitTxHeader)
    DMA2_Stream0_IRQHandler                  0x08000461   Thumb Code    16  stm32f4xx_it.o(.text.DMA2_Stream0_IRQHandler)
    DMA2_Stream3_IRQHandler                  0x08000471   Thumb Code    16  stm32f4xx_it.o(.text.DMA2_Stream3_IRQHandler)
    DebugMon_Handler                         0x080005c9   Thumb Code     2  stm32f4xx_it.o(.text.DebugMon_Handler)
    EXTI0_IRQHandler                         0x080005cd   Thumb Code    22  stm32f4xx_it.o(.text.EXTI0_IRQHandler)
    Error_Handler                            0x080005e5   Thumb Code    14  main.o(.text.Error_Handler)
    Filter_LowPassInit                       0x080005f5   Thumb Code    24  lib_filter.o(.text.Filter_LowPassInit)
    GPIO_Callback                            0x0800060d   Thumb Code    36  callback_ctrl.o(.text.GPIO_Callback)
    GPIO_ReadPin                             0x08000631   Thumb Code    36  util_gpio.o(.text.GPIO_ReadPin)
    GPIO_Reset                               0x08000655   Thumb Code    32  util_gpio.o(.text.GPIO_Reset)
    GPIO_Set                                 0x08000675   Thumb Code    32  util_gpio.o(.text.GPIO_Set)
    HAL_CAN_ActivateNotification             0x08000695   Thumb Code    82  stm32f4xx_hal_can.o(.text.HAL_CAN_ActivateNotification)
    HAL_CAN_ConfigFilter                     0x080006e9   Thumb Code   420  stm32f4xx_hal_can.o(.text.HAL_CAN_ConfigFilter)
    HAL_CAN_ErrorCallback                    0x0800088d   Thumb Code     8  stm32f4xx_hal_can.o(.text.HAL_CAN_ErrorCallback)
    HAL_CAN_GetRxMessage                     0x08000895   Thumb Code   496  stm32f4xx_hal_can.o(.text.HAL_CAN_GetRxMessage)
    HAL_CAN_IRQHandler                       0x08000a85   Thumb Code  1010  stm32f4xx_hal_can.o(.text.HAL_CAN_IRQHandler)
    HAL_CAN_Init                             0x08000e79   Thumb Code   478  stm32f4xx_hal_can.o(.text.HAL_CAN_Init)
    HAL_CAN_MspInit                          0x08001059   Thumb Code   162  can.o(.text.HAL_CAN_MspInit)
    HAL_CAN_RxFifo0FullCallback              0x080010fd   Thumb Code     8  stm32f4xx_hal_can.o(.text.HAL_CAN_RxFifo0FullCallback)
    HAL_CAN_RxFifo0MsgPendingCallback        0x08001105   Thumb Code    46  callback_ctrl.o(.text.HAL_CAN_RxFifo0MsgPendingCallback)
    HAL_CAN_RxFifo1FullCallback              0x08001135   Thumb Code     8  stm32f4xx_hal_can.o(.text.HAL_CAN_RxFifo1FullCallback)
    HAL_CAN_RxFifo1MsgPendingCallback        0x0800113d   Thumb Code    46  callback_ctrl.o(.text.HAL_CAN_RxFifo1MsgPendingCallback)
    HAL_CAN_SleepCallback                    0x0800116d   Thumb Code     8  stm32f4xx_hal_can.o(.text.HAL_CAN_SleepCallback)
    HAL_CAN_Start                            0x08001175   Thumb Code   138  stm32f4xx_hal_can.o(.text.HAL_CAN_Start)
    HAL_CAN_TxMailbox0AbortCallback          0x08001201   Thumb Code     8  stm32f4xx_hal_can.o(.text.HAL_CAN_TxMailbox0AbortCallback)
    HAL_CAN_TxMailbox0CompleteCallback       0x08001209   Thumb Code     8  stm32f4xx_hal_can.o(.text.HAL_CAN_TxMailbox0CompleteCallback)
    HAL_CAN_TxMailbox1AbortCallback          0x08001211   Thumb Code     8  stm32f4xx_hal_can.o(.text.HAL_CAN_TxMailbox1AbortCallback)
    HAL_CAN_TxMailbox1CompleteCallback       0x08001219   Thumb Code     8  stm32f4xx_hal_can.o(.text.HAL_CAN_TxMailbox1CompleteCallback)
    HAL_CAN_TxMailbox2AbortCallback          0x08001221   Thumb Code     8  stm32f4xx_hal_can.o(.text.HAL_CAN_TxMailbox2AbortCallback)
    HAL_CAN_TxMailbox2CompleteCallback       0x08001229   Thumb Code     8  stm32f4xx_hal_can.o(.text.HAL_CAN_TxMailbox2CompleteCallback)
    HAL_CAN_WakeUpFromRxMsgCallback          0x08001231   Thumb Code     8  stm32f4xx_hal_can.o(.text.HAL_CAN_WakeUpFromRxMsgCallback)
    HAL_DMA_IRQHandler                       0x08001239   Thumb Code   798  stm32f4xx_hal_dma.o(.text.HAL_DMA_IRQHandler)
    HAL_DMA_Init                             0x08001559   Thumb Code   366  stm32f4xx_hal_dma.o(.text.HAL_DMA_Init)
    HAL_Delay                                0x080016c9   Thumb Code    66  stm32f4xx_hal.o(.text.HAL_Delay)
    HAL_GPIO_EXTI_Callback                   0x0800170d   Thumb Code    10  stm32f4xx_hal_gpio.o(.text.HAL_GPIO_EXTI_Callback)
    HAL_GPIO_EXTI_IRQHandler                 0x08001719   Thumb Code    56  stm32f4xx_hal_gpio.o(.text.HAL_GPIO_EXTI_IRQHandler)
    HAL_GPIO_Init                            0x08001751   Thumb Code   950  stm32f4xx_hal_gpio.o(.text.HAL_GPIO_Init)
    HAL_GPIO_ReadPin                         0x08001b09   Thumb Code    46  stm32f4xx_hal_gpio.o(.text.HAL_GPIO_ReadPin)
    HAL_GPIO_TogglePin                       0x08001b39   Thumb Code    38  stm32f4xx_hal_gpio.o(.text.HAL_GPIO_TogglePin)
    HAL_GPIO_WritePin                        0x08001b61   Thumb Code    46  stm32f4xx_hal_gpio.o(.text.HAL_GPIO_WritePin)
    HAL_GetTick                              0x08001b91   Thumb Code    12  stm32f4xx_hal.o(.text.HAL_GetTick)
    HAL_IncTick                              0x08001b9d   Thumb Code    26  stm32f4xx_hal.o(.text.HAL_IncTick)
    HAL_Init                                 0x08001bb9   Thumb Code    54  stm32f4xx_hal.o(.text.HAL_Init)
    HAL_InitTick                             0x08001bf1   Thumb Code   112  stm32f4xx_hal.o(.text.HAL_InitTick)
    HAL_MspInit                              0x08001c61   Thumb Code    74  stm32f4xx_hal_msp.o(.text.HAL_MspInit)
    HAL_NVIC_EnableIRQ                       0x08001cad   Thumb Code    20  stm32f4xx_hal_cortex.o(.text.HAL_NVIC_EnableIRQ)
    HAL_NVIC_SetPriority                     0x08001cc1   Thumb Code    50  stm32f4xx_hal_cortex.o(.text.HAL_NVIC_SetPriority)
    HAL_NVIC_SetPriorityGrouping             0x08001cf5   Thumb Code    16  stm32f4xx_hal_cortex.o(.text.HAL_NVIC_SetPriorityGrouping)
    HAL_RCC_ClockConfig                      0x08001d05   Thumb Code   610  stm32f4xx_hal_rcc.o(.text.HAL_RCC_ClockConfig)
    HAL_RCC_GetSysClockFreq                  0x08001f69   Thumb Code   230  stm32f4xx_hal_rcc.o(.text.HAL_RCC_GetSysClockFreq)
    HAL_RCC_OscConfig                        0x08002051   Thumb Code  1726  stm32f4xx_hal_rcc.o(.text.HAL_RCC_OscConfig)
    HAL_SPI_Init                             0x08002711   Thumb Code   256  stm32f4xx_hal_spi.o(.text.HAL_SPI_Init)
    HAL_SPI_MspInit                          0x08002811   Thumb Code   404  spi.o(.text.HAL_SPI_MspInit)
    HAL_SYSTICK_Config                       0x080029a5   Thumb Code    16  stm32f4xx_hal_cortex.o(.text.HAL_SYSTICK_Config)
    HAL_TIMEx_ConfigBreakDeadTime            0x080029b5   Thumb Code   178  stm32f4xx_hal_tim_ex.o(.text.HAL_TIMEx_ConfigBreakDeadTime)
    HAL_TIMEx_MasterConfigSynchronization    0x08002a69   Thumb Code   290  stm32f4xx_hal_tim_ex.o(.text.HAL_TIMEx_MasterConfigSynchronization)
    HAL_TIM_Base_Init                        0x08002b8d   Thumb Code   156  stm32f4xx_hal_tim.o(.text.HAL_TIM_Base_Init)
    HAL_TIM_Base_MspInit                     0x08002c29   Thumb Code   116  tim.o(.text.HAL_TIM_Base_MspInit)
    HAL_TIM_ConfigClockSource                0x08002c9d   Thumb Code   388  stm32f4xx_hal_tim.o(.text.HAL_TIM_ConfigClockSource)
    HAL_TIM_MspPostInit                      0x08002e21   Thumb Code   196  tim.o(.text.HAL_TIM_MspPostInit)
    HAL_TIM_PWM_ConfigChannel                0x08002ee5   Thumb Code   322  stm32f4xx_hal_tim.o(.text.HAL_TIM_PWM_ConfigChannel)
    HAL_TIM_PWM_Init                         0x08003029   Thumb Code   156  stm32f4xx_hal_tim.o(.text.HAL_TIM_PWM_Init)
    HAL_TIM_PWM_MspInit                      0x080030c5   Thumb Code     8  stm32f4xx_hal_tim.o(.text.HAL_TIM_PWM_MspInit)
    HAL_TIM_PWM_Start                        0x080030cd   Thumb Code   458  stm32f4xx_hal_tim.o(.text.HAL_TIM_PWM_Start)
    HAL_TIM_PWM_Stop                         0x08003299   Thumb Code   262  stm32f4xx_hal_tim.o(.text.HAL_TIM_PWM_Stop)
    HardFault_Handler                        0x080033a1   Thumb Code     4  stm32f4xx_it.o(.text.HardFault_Handler)
    InitAll                                  0x080033a5   Thumb Code   120  init_ctrl.o(.text.InitAll)
    Key_EventHandler                         0x0800341d   Thumb Code   170  callback_ctrl.o(.text.Key_EventHandler)
    LED_Init                                 0x080034c9   Thumb Code    58  periph_led.o(.text.LED_Init)
    LED_Refresh                              0x08003505   Thumb Code    96  periph_led.o(.text.LED_Refresh)
    MX_CAN1_Init                             0x08003565   Thumb Code    78  can.o(.text.MX_CAN1_Init)
    MX_DMA_Init                              0x080035b5   Thumb Code    80  dma.o(.text.MX_DMA_Init)
    MX_GPIO_Init                             0x08003605   Thumb Code   358  gpio.o(.text.MX_GPIO_Init)
    MX_SPI1_Init                             0x0800376d   Thumb Code    82  spi.o(.text.MX_SPI1_Init)
    MX_TIM1_Init                             0x080037c1   Thumb Code   284  tim.o(.text.MX_TIM1_Init)
    MX_TIM4_Init                             0x080038dd   Thumb Code   216  tim.o(.text.MX_TIM4_Init)
    MemManage_Handler                        0x080039b5   Thumb Code     4  stm32f4xx_it.o(.text.MemManage_Handler)
    MotorTest_Init                           0x080039b9   Thumb Code   172  app_motor_test.o(.text.MotorTest_Init)
    Motor_CAN_Decode                         0x08003a65   Thumb Code    62  protocol_motor.o(.text.Motor_CAN_Decode)
    Motor_Init                               0x08003aa5   Thumb Code    46  periph_motor_can.o(.text.Motor_Init)
    Motor_InitGroup                          0x08003ad5   Thumb Code   100  periph_motor_can.o(.text.Motor_InitGroup)
    NMI_Handler                              0x08003b39   Thumb Code     4  stm32f4xx_it.o(.text.NMI_Handler)
    PID_Init                                 0x08003ba9   Thumb Code   140  alg_pid.o(.text.PID_Init)
    PWM_Init                                 0x08003c35   Thumb Code    56  util_pwm.o(.text.PWM_Init)
    PWM_SetDuty                              0x08003c6d   Thumb Code    98  util_pwm.o(.text.PWM_SetDuty)
    PWM_SetFreq                              0x08003cd1   Thumb Code    92  util_pwm.o(.text.PWM_SetFreq)
    PWM_Start                                0x08003d2d   Thumb Code    36  util_pwm.o(.text.PWM_Start)
    PWM_Stop                                 0x08003d51   Thumb Code    38  util_pwm.o(.text.PWM_Stop)
    PendSV_Handler                           0x08003d79   Thumb Code     2  stm32f4xx_it.o(.text.PendSV_Handler)
    RunAll                                   0x08003d7d   Thumb Code    34  task_ctrl.o(.text.RunAll)
    SVC_Handler                              0x08003da1   Thumb Code     2  stm32f4xx_it.o(.text.SVC_Handler)
    Servo_Init                               0x08003da5   Thumb Code    74  periph_servo.o(.text.Servo_Init)
    Servo_SetAngle                           0x08003df1   Thumb Code    56  periph_servo.o(.text.Servo_SetAngle)
    SysTick_Handler                          0x08003e7d   Thumb Code     8  stm32f4xx_it.o(.text.SysTick_Handler)
    SystemClock_Config                       0x08003e85   Thumb Code   188  main.o(.text.SystemClock_Config)
    SystemInit                               0x08003f41   Thumb Code    18  system_stm32f4xx.o(.text.SystemInit)
    TIM_Base_SetConfig                       0x08003f55   Thumb Code   410  stm32f4xx_hal_tim.o(.text.TIM_Base_SetConfig)
    TIM_CCxChannelCmd                        0x080040f1   Thumb Code    54  stm32f4xx_hal_tim.o(.text.TIM_CCxChannelCmd)
    TIM_ETR_SetConfig                        0x08004129   Thumb Code    52  stm32f4xx_hal_tim.o(.text.TIM_ETR_SetConfig)
    TIM_OC2_SetConfig                        0x08004275   Thumb Code   244  stm32f4xx_hal_tim.o(.text.TIM_OC2_SetConfig)
    UsageFault_Handler                       0x080045a5   Thumb Code     4  stm32f4xx_it.o(.text.UsageFault_Handler)
    main                                     0x08004801   Thumb Code    52  main.o(.text.main)
    __scatterload_copy                       0x08004835   Thumb Code    14  handlers.o(i.__scatterload_copy)
    __scatterload_null                       0x08004843   Thumb Code     2  handlers.o(i.__scatterload_null)
    __scatterload_zeroinit                   0x08004845   Thumb Code    14  handlers.o(i.__scatterload_zeroinit)
    AHBPrescTable                            0x08004852   Data          16  system_stm32f4xx.o(.rodata.AHBPrescTable)
    Region$$Table$$Base                      0x0800486c   Number         0  anon$$obj.o(Region$$Table)
    Region$$Table$$Limit                     0x0800488c   Number         0  anon$$obj.o(Region$$Table)
    GPIO_KEY                                 0x20000000   Data          20  init_ctrl.o(.data.GPIO_KEY)
    GPIO_LED_B                               0x20000014   Data          20  init_ctrl.o(.data.GPIO_LED_B)
    GPIO_LED_G                               0x20000028   Data          20  init_ctrl.o(.data.GPIO_LED_G)
    GPIO_LED_R                               0x2000003c   Data          20  init_ctrl.o(.data.GPIO_LED_R)
    SystemCoreClock                          0x20000050   Data           4  system_stm32f4xx.o(.data.SystemCoreClock)
    uwTickFreq                               0x20000054   Data           1  stm32f4xx_hal.o(.data.uwTickFreq)
    uwTickPrio                               0x20000058   Data           4  stm32f4xx_hal.o(.data.uwTickPrio)
    Buzzer_Data                              0x20000060   Data          56  init_ctrl.o(.bss.Buzzer_Data)
    LED_B                                    0x20000098   Data          24  init_ctrl.o(.bss.LED_B)
    LED_G                                    0x200000b0   Data          24  init_ctrl.o(.bss.LED_G)
    LED_R                                    0x200000c8   Data          24  init_ctrl.o(.bss.LED_R)
    Motor_ControlTest                        0x200000e0   Data         320  app_motor_test.o(.bss.Motor_ControlTest)
    Motor_Test                               0x20000220   Data          44  init_ctrl.o(.bss.Motor_Test)
    Motor_TestMotors                         0x2000024c   Data          48  init_ctrl.o(.bss.Motor_TestMotors)
    Motor_groupHandle                        0x2000027c   Data           4  init_ctrl.o(.bss.Motor_groupHandle)
    Servo_Data                               0x20000280   Data          60  init_ctrl.o(.bss.Servo_Data)
    hcan1                                    0x200002bc   Data          40  can.o(.bss.hcan1)
    hdma_spi1_rx                             0x200002e4   Data          96  spi.o(.bss.hdma_spi1_rx)
    hdma_spi1_tx                             0x20000344   Data          96  spi.o(.bss.hdma_spi1_tx)
    hspi1                                    0x200003a4   Data          88  spi.o(.bss.hspi1)
    htim1                                    0x200003fc   Data          72  tim.o(.bss.htim1)
    htim4                                    0x20000444   Data          72  tim.o(.bss.htim4)
    trigger_time                             0x2000048c   Data           4  callback_ctrl.o(.bss.trigger_time)
    uwTick                                   0x20000490   Data           4  stm32f4xx_hal.o(.bss.uwTick)
    __initial_sp                             0x20002498   Data           0  startup_stm32f407xx.o(STACK)



==============================================================================

Memory Map of the image

  Image Entry point : 0x08000189

  Load Region LR_IROM1 (Base: 0x08000000, Size: 0x000048f0, Max: 0x00100000, ABSOLUTE)

    Execution Region ER_IROM1 (Exec base: 0x08000000, Load base: 0x08000000, Size: 0x0000488c, Max: 0x00100000, ABSOLUTE)

    Exec Addr    Load Addr    Size         Type   Attr      Idx    E Section Name        Object

    0x08000000   0x08000000   0x00000188   Data   RO            3    RESET               startup_stm32f407xx.o
    0x08000188   0x08000188   0x00000000   Code   RO         1771  * .ARM.Collect$$$$00000000  mc_w.l(entry.o)
    0x08000188   0x08000188   0x00000004   Code   RO         1834    .ARM.Collect$$$$00000001  mc_w.l(entry2.o)
    0x0800018c   0x0800018c   0x00000004   Code   RO         1837    .ARM.Collect$$$$00000004  mc_w.l(entry5.o)
    0x08000190   0x08000190   0x00000000   Code   RO         1839    .ARM.Collect$$$$00000008  mc_w.l(entry7b.o)
    0x08000190   0x08000190   0x00000000   Code   RO         1841    .ARM.Collect$$$$0000000A  mc_w.l(entry8b.o)
    0x08000190   0x08000190   0x00000008   Code   RO         1842    .ARM.Collect$$$$0000000B  mc_w.l(entry9a.o)
    0x08000198   0x08000198   0x00000000   Code   RO         1844    .ARM.Collect$$$$0000000D  mc_w.l(entry10a.o)
    0x08000198   0x08000198   0x00000000   Code   RO         1846    .ARM.Collect$$$$0000000F  mc_w.l(entry11a.o)
    0x08000198   0x08000198   0x00000004   Code   RO         1835    .ARM.Collect$$$$00002712  mc_w.l(entry2.o)
    0x0800019c   0x0800019c   0x00000024   Code   RO            4    .text               startup_stm32f407xx.o
    0x080001c0   0x080001c0   0x00000062   Code   RO         1774    .text               mc_w.l(uldiv.o)
    0x08000222   0x08000222   0x00000024   Code   RO         1778    .text               mc_w.l(memseta.o)
    0x08000246   0x08000246   0x0000001e   Code   RO         1848    .text               mc_w.l(llshl.o)
    0x08000264   0x08000264   0x00000020   Code   RO         1850    .text               mc_w.l(llushr.o)
    0x08000284   0x08000284   0x00000024   Code   RO         1870    .text               mc_w.l(init.o)
    0x080002a8   0x080002a8   0x00000004   Code   RO           96    .text.BusFault_Handler  stm32f4xx_it.o
    0x080002ac   0x080002ac   0x00000044   Code   RO         1410    .text.Buzzer_Init   periph_buzzer.o
    0x080002f0   0x080002f0   0x00000084   Code   RO         1416    .text.Buzzer_Refresh  periph_buzzer.o
    0x08000374   0x08000374   0x00000010   Code   RO          110    .text.CAN1_RX0_IRQHandler  stm32f4xx_it.o
    0x08000384   0x08000384   0x00000008   Code   RO         1553    .text.CAN_ErrorHandler  util_can.o
    0x0800038c   0x0800038c   0x000000b0   Code   RO         1551    .text.CAN_InitFilterAndStart  util_can.o
    0x0800043c   0x0800043c   0x00000024   Code   RO         1549    .text.CAN_InitTxHeader  util_can.o
    0x08000460   0x08000460   0x00000010   Code   RO          112    .text.DMA2_Stream0_IRQHandler  stm32f4xx_it.o
    0x08000470   0x08000470   0x00000010   Code   RO          114    .text.DMA2_Stream3_IRQHandler  stm32f4xx_it.o
    0x08000480   0x08000480   0x00000056   Code   RO          388    .text.DMA_CalcBaseAndBitshift  stm32f4xx_hal_dma.o
    0x080004d6   0x080004d6   0x00000002   PAD
    0x080004d8   0x080004d8   0x000000f0   Code   RO          386    .text.DMA_CheckFifoParam  stm32f4xx_hal_dma.o
    0x080005c8   0x080005c8   0x00000002   Code   RO          102    .text.DebugMon_Handler  stm32f4xx_it.o
    0x080005ca   0x080005ca   0x00000002   PAD
    0x080005cc   0x080005cc   0x00000016   Code   RO          108    .text.EXTI0_IRQHandler  stm32f4xx_it.o
    0x080005e2   0x080005e2   0x00000002   PAD
    0x080005e4   0x080005e4   0x0000000e   Code   RO           15    .text.Error_Handler  main.o
    0x080005f2   0x080005f2   0x00000002   PAD
    0x080005f4   0x080005f4   0x00000018   Code   RO         1329    .text.Filter_LowPassInit  lib_filter.o
    0x0800060c   0x0800060c   0x00000024   Code   RO         1140    .text.GPIO_Callback  callback_ctrl.o
    0x08000630   0x08000630   0x00000024   Code   RO         1492    .text.GPIO_ReadPin  util_gpio.o
    0x08000654   0x08000654   0x00000020   Code   RO         1490    .text.GPIO_Reset    util_gpio.o
    0x08000674   0x08000674   0x00000020   Code   RO         1494    .text.GPIO_Set      util_gpio.o
    0x08000694   0x08000694   0x00000052   Code   RO          165    .text.HAL_CAN_ActivateNotification  stm32f4xx_hal_can.o
    0x080006e6   0x080006e6   0x00000002   PAD
    0x080006e8   0x080006e8   0x000001a4   Code   RO          141    .text.HAL_CAN_ConfigFilter  stm32f4xx_hal_can.o
    0x0800088c   0x0800088c   0x00000008   Code   RO          195    .text.HAL_CAN_ErrorCallback  stm32f4xx_hal_can.o
    0x08000894   0x08000894   0x000001f0   Code   RO          161    .text.HAL_CAN_GetRxMessage  stm32f4xx_hal_can.o
    0x08000a84   0x08000a84   0x000003f2   Code   RO          169    .text.HAL_CAN_IRQHandler  stm32f4xx_hal_can.o
    0x08000e76   0x08000e76   0x00000002   PAD
    0x08000e78   0x08000e78   0x000001de   Code   RO          131    .text.HAL_CAN_Init  stm32f4xx_hal_can.o
    0x08001056   0x08001056   0x00000002   PAD
    0x08001058   0x08001058   0x000000a2   Code   RO           35    .text.HAL_CAN_MspInit  can.o
    0x080010fa   0x080010fa   0x00000002   PAD
    0x080010fc   0x080010fc   0x00000008   Code   RO          183    .text.HAL_CAN_RxFifo0FullCallback  stm32f4xx_hal_can.o
    0x08001104   0x08001104   0x0000002e   Code   RO         1142    .text.HAL_CAN_RxFifo0MsgPendingCallback  callback_ctrl.o
    0x08001132   0x08001132   0x00000002   PAD
    0x08001134   0x08001134   0x00000008   Code   RO          187    .text.HAL_CAN_RxFifo1FullCallback  stm32f4xx_hal_can.o
    0x0800113c   0x0800113c   0x0000002e   Code   RO         1144    .text.HAL_CAN_RxFifo1MsgPendingCallback  callback_ctrl.o
    0x0800116a   0x0800116a   0x00000002   PAD
    0x0800116c   0x0800116c   0x00000008   Code   RO          191    .text.HAL_CAN_SleepCallback  stm32f4xx_hal_can.o
    0x08001174   0x08001174   0x0000008a   Code   RO          143    .text.HAL_CAN_Start  stm32f4xx_hal_can.o
    0x080011fe   0x080011fe   0x00000002   PAD
    0x08001200   0x08001200   0x00000008   Code   RO          173    .text.HAL_CAN_TxMailbox0AbortCallback  stm32f4xx_hal_can.o
    0x08001208   0x08001208   0x00000008   Code   RO          171    .text.HAL_CAN_TxMailbox0CompleteCallback  stm32f4xx_hal_can.o
    0x08001210   0x08001210   0x00000008   Code   RO          177    .text.HAL_CAN_TxMailbox1AbortCallback  stm32f4xx_hal_can.o
    0x08001218   0x08001218   0x00000008   Code   RO          175    .text.HAL_CAN_TxMailbox1CompleteCallback  stm32f4xx_hal_can.o
    0x08001220   0x08001220   0x00000008   Code   RO          181    .text.HAL_CAN_TxMailbox2AbortCallback  stm32f4xx_hal_can.o
    0x08001228   0x08001228   0x00000008   Code   RO          179    .text.HAL_CAN_TxMailbox2CompleteCallback  stm32f4xx_hal_can.o
    0x08001230   0x08001230   0x00000008   Code   RO          193    .text.HAL_CAN_WakeUpFromRxMsgCallback  stm32f4xx_hal_can.o
    0x08001238   0x08001238   0x0000031e   Code   RO          404    .text.HAL_DMA_IRQHandler  stm32f4xx_hal_dma.o
    0x08001556   0x08001556   0x00000002   PAD
    0x08001558   0x08001558   0x0000016e   Code   RO          384    .text.HAL_DMA_Init  stm32f4xx_hal_dma.o
    0x080016c6   0x080016c6   0x00000002   PAD
    0x080016c8   0x080016c8   0x00000042   Code   RO          573    .text.HAL_Delay     stm32f4xx_hal.o
    0x0800170a   0x0800170a   0x00000002   PAD
    0x0800170c   0x0800170c   0x0000000a   Code   RO          360    .text.HAL_GPIO_EXTI_Callback  stm32f4xx_hal_gpio.o
    0x08001716   0x08001716   0x00000002   PAD
    0x08001718   0x08001718   0x00000038   Code   RO          358    .text.HAL_GPIO_EXTI_IRQHandler  stm32f4xx_hal_gpio.o
    0x08001750   0x08001750   0x000003b6   Code   RO          346    .text.HAL_GPIO_Init  stm32f4xx_hal_gpio.o
    0x08001b06   0x08001b06   0x00000002   PAD
    0x08001b08   0x08001b08   0x0000002e   Code   RO          350    .text.HAL_GPIO_ReadPin  stm32f4xx_hal_gpio.o
    0x08001b36   0x08001b36   0x00000002   PAD
    0x08001b38   0x08001b38   0x00000026   Code   RO          354    .text.HAL_GPIO_TogglePin  stm32f4xx_hal_gpio.o
    0x08001b5e   0x08001b5e   0x00000002   PAD
    0x08001b60   0x08001b60   0x0000002e   Code   RO          352    .text.HAL_GPIO_WritePin  stm32f4xx_hal_gpio.o
    0x08001b8e   0x08001b8e   0x00000002   PAD
    0x08001b90   0x08001b90   0x0000000c   Code   RO          565    .text.HAL_GetTick   stm32f4xx_hal.o
    0x08001b9c   0x08001b9c   0x0000001a   Code   RO          563    .text.HAL_IncTick   stm32f4xx_hal.o
    0x08001bb6   0x08001bb6   0x00000002   PAD
    0x08001bb8   0x08001bb8   0x00000036   Code   RO          553    .text.HAL_Init      stm32f4xx_hal.o
    0x08001bee   0x08001bee   0x00000002   PAD
    0x08001bf0   0x08001bf0   0x00000070   Code   RO          555    .text.HAL_InitTick  stm32f4xx_hal.o
    0x08001c60   0x08001c60   0x0000004a   Code   RO          123    .text.HAL_MspInit   stm32f4xx_hal_msp.o
    0x08001caa   0x08001caa   0x00000002   PAD
    0x08001cac   0x08001cac   0x00000014   Code   RO          494    .text.HAL_NVIC_EnableIRQ  stm32f4xx_hal_cortex.o
    0x08001cc0   0x08001cc0   0x00000032   Code   RO          486    .text.HAL_NVIC_SetPriority  stm32f4xx_hal_cortex.o
    0x08001cf2   0x08001cf2   0x00000002   PAD
    0x08001cf4   0x08001cf4   0x00000010   Code   RO          482    .text.HAL_NVIC_SetPriorityGrouping  stm32f4xx_hal_cortex.o
    0x08001d04   0x08001d04   0x00000262   Code   RO          214    .text.HAL_RCC_ClockConfig  stm32f4xx_hal_rcc.o
    0x08001f66   0x08001f66   0x00000002   PAD
    0x08001f68   0x08001f68   0x000000e6   Code   RO          216    .text.HAL_RCC_GetSysClockFreq  stm32f4xx_hal_rcc.o
    0x0800204e   0x0800204e   0x00000002   PAD
    0x08002050   0x08002050   0x000006be   Code   RO          212    .text.HAL_RCC_OscConfig  stm32f4xx_hal_rcc.o
    0x0800270e   0x0800270e   0x00000002   PAD
    0x08002710   0x08002710   0x00000100   Code   RO          642    .text.HAL_SPI_Init  stm32f4xx_hal_spi.o
    0x08002810   0x08002810   0x00000194   Code   RO           57    .text.HAL_SPI_MspInit  spi.o
    0x080029a4   0x080029a4   0x00000010   Code   RO          506    .text.HAL_SYSTICK_Config  stm32f4xx_hal_cortex.o
    0x080029b4   0x080029b4   0x000000b2   Code   RO         1074    .text.HAL_TIMEx_ConfigBreakDeadTime  stm32f4xx_hal_tim_ex.o
    0x08002a66   0x08002a66   0x00000002   PAD
    0x08002a68   0x08002a68   0x00000122   Code   RO         1072    .text.HAL_TIMEx_MasterConfigSynchronization  stm32f4xx_hal_tim_ex.o
    0x08002b8a   0x08002b8a   0x00000002   PAD
    0x08002b8c   0x08002b8c   0x0000009c   Code   RO          759    .text.HAL_TIM_Base_Init  stm32f4xx_hal_tim.o
    0x08002c28   0x08002c28   0x00000074   Code   RO           77    .text.HAL_TIM_Base_MspInit  tim.o
    0x08002c9c   0x08002c9c   0x00000184   Code   RO          951    .text.HAL_TIM_ConfigClockSource  stm32f4xx_hal_tim.o
    0x08002e20   0x08002e20   0x000000c4   Code   RO           73    .text.HAL_TIM_MspPostInit  tim.o
    0x08002ee4   0x08002ee4   0x00000142   Code   RO          925    .text.HAL_TIM_PWM_ConfigChannel  stm32f4xx_hal_tim.o
    0x08003026   0x08003026   0x00000002   PAD
    0x08003028   0x08003028   0x0000009c   Code   RO          813    .text.HAL_TIM_PWM_Init  stm32f4xx_hal_tim.o
    0x080030c4   0x080030c4   0x00000008   Code   RO          815    .text.HAL_TIM_PWM_MspInit  stm32f4xx_hal_tim.o
    0x080030cc   0x080030cc   0x000001ca   Code   RO          821    .text.HAL_TIM_PWM_Start  stm32f4xx_hal_tim.o
    0x08003296   0x08003296   0x00000002   PAD
    0x08003298   0x08003298   0x00000106   Code   RO          823    .text.HAL_TIM_PWM_Stop  stm32f4xx_hal_tim.o
    0x0800339e   0x0800339e   0x00000002   PAD
    0x080033a0   0x080033a0   0x00000004   Code   RO           92    .text.HardFault_Handler  stm32f4xx_it.o
    0x080033a4   0x080033a4   0x00000078   Code   RO         1109    .text.InitAll       init_ctrl.o
    0x0800341c   0x0800341c   0x000000aa   Code   RO         1138    .text.Key_EventHandler  callback_ctrl.o
    0x080034c6   0x080034c6   0x00000002   PAD
    0x080034c8   0x080034c8   0x0000003a   Code   RO         1394    .text.LED_Init      periph_led.o
    0x08003502   0x08003502   0x00000002   PAD
    0x08003504   0x08003504   0x00000060   Code   RO         1400    .text.LED_Refresh   periph_led.o
    0x08003564   0x08003564   0x0000004e   Code   RO           33    .text.MX_CAN1_Init  can.o
    0x080035b2   0x080035b2   0x00000002   PAD
    0x080035b4   0x080035b4   0x00000050   Code   RO           47    .text.MX_DMA_Init   dma.o
    0x08003604   0x08003604   0x00000166   Code   RO           25    .text.MX_GPIO_Init  gpio.o
    0x0800376a   0x0800376a   0x00000002   PAD
    0x0800376c   0x0800376c   0x00000052   Code   RO           55    .text.MX_SPI1_Init  spi.o
    0x080037be   0x080037be   0x00000002   PAD
    0x080037c0   0x080037c0   0x0000011c   Code   RO           71    .text.MX_TIM1_Init  tim.o
    0x080038dc   0x080038dc   0x000000d8   Code   RO           75    .text.MX_TIM4_Init  tim.o
    0x080039b4   0x080039b4   0x00000004   Code   RO           94    .text.MemManage_Handler  stm32f4xx_it.o
    0x080039b8   0x080039b8   0x000000ac   Code   RO         1193    .text.MotorTest_Init  app_motor_test.o
    0x08003a64   0x08003a64   0x0000003e   Code   RO         1206    .text.Motor_CAN_Decode  protocol_motor.o
    0x08003aa2   0x08003aa2   0x00000002   PAD
    0x08003aa4   0x08003aa4   0x0000002e   Code   RO         1442    .text.Motor_Init    periph_motor_can.o
    0x08003ad2   0x08003ad2   0x00000002   PAD
    0x08003ad4   0x08003ad4   0x00000064   Code   RO         1444    .text.Motor_InitGroup  periph_motor_can.o
    0x08003b38   0x08003b38   0x00000004   Code   RO           90    .text.NMI_Handler   stm32f4xx_it.o
    0x08003b3c   0x08003b3c   0x0000006c   Code   RO          492    .text.NVIC_EncodePriority  stm32f4xx_hal_cortex.o
    0x08003ba8   0x08003ba8   0x0000008c   Code   RO         1219    .text.PID_Init      alg_pid.o
    0x08003c34   0x08003c34   0x00000038   Code   RO         1505    .text.PWM_Init      util_pwm.o
    0x08003c6c   0x08003c6c   0x00000062   Code   RO         1511    .text.PWM_SetDuty   util_pwm.o
    0x08003cce   0x08003cce   0x00000002   PAD
    0x08003cd0   0x08003cd0   0x0000005c   Code   RO         1513    .text.PWM_SetFreq   util_pwm.o
    0x08003d2c   0x08003d2c   0x00000024   Code   RO         1507    .text.PWM_Start     util_pwm.o
    0x08003d50   0x08003d50   0x00000026   Code   RO         1509    .text.PWM_Stop      util_pwm.o
    0x08003d76   0x08003d76   0x00000002   PAD
    0x08003d78   0x08003d78   0x00000002   Code   RO          104    .text.PendSV_Handler  stm32f4xx_it.o
    0x08003d7a   0x08003d7a   0x00000002   PAD
    0x08003d7c   0x08003d7c   0x00000022   Code   RO         1154    .text.RunAll        task_ctrl.o
    0x08003d9e   0x08003d9e   0x00000002   PAD
    0x08003da0   0x08003da0   0x00000002   Code   RO          100    .text.SVC_Handler   stm32f4xx_it.o
    0x08003da2   0x08003da2   0x00000002   PAD
    0x08003da4   0x08003da4   0x0000004a   Code   RO         1425    .text.Servo_Init    periph_servo.o
    0x08003dee   0x08003dee   0x00000002   PAD
    0x08003df0   0x08003df0   0x00000038   Code   RO         1427    .text.Servo_SetAngle  periph_servo.o
    0x08003e28   0x08003e28   0x00000052   Code   RO          508    .text.SysTick_Config  stm32f4xx_hal_cortex.o
    0x08003e7a   0x08003e7a   0x00000002   PAD
    0x08003e7c   0x08003e7c   0x00000008   Code   RO          106    .text.SysTick_Handler  stm32f4xx_it.o
    0x08003e84   0x08003e84   0x000000bc   Code   RO           13    .text.SystemClock_Config  main.o
    0x08003f40   0x08003f40   0x00000012   Code   RO         1095    .text.SystemInit    system_stm32f4xx.o
    0x08003f52   0x08003f52   0x00000002   PAD
    0x08003f54   0x08003f54   0x0000019a   Code   RO          763    .text.TIM_Base_SetConfig  stm32f4xx_hal_tim.o
    0x080040ee   0x080040ee   0x00000002   PAD
    0x080040f0   0x080040f0   0x00000036   Code   RO          797    .text.TIM_CCxChannelCmd  stm32f4xx_hal_tim.o
    0x08004126   0x08004126   0x00000002   PAD
    0x08004128   0x08004128   0x00000034   Code   RO          949    .text.TIM_ETR_SetConfig  stm32f4xx_hal_tim.o
    0x0800415c   0x0800415c   0x0000002a   Code   RO          955    .text.TIM_ITRx_SetConfig  stm32f4xx_hal_tim.o
    0x08004186   0x08004186   0x00000002   PAD
    0x08004188   0x08004188   0x000000ea   Code   RO          907    .text.TIM_OC1_SetConfig  stm32f4xx_hal_tim.o
    0x08004272   0x08004272   0x00000002   PAD
    0x08004274   0x08004274   0x000000f4   Code   RO          909    .text.TIM_OC2_SetConfig  stm32f4xx_hal_tim.o
    0x08004368   0x08004368   0x000000f2   Code   RO          911    .text.TIM_OC3_SetConfig  stm32f4xx_hal_tim.o
    0x0800445a   0x0800445a   0x00000002   PAD
    0x0800445c   0x0800445c   0x000000a4   Code   RO          913    .text.TIM_OC4_SetConfig  stm32f4xx_hal_tim.o
    0x08004500   0x08004500   0x00000050   Code   RO          953    .text.TIM_TI1_ConfigInputStage  stm32f4xx_hal_tim.o
    0x08004550   0x08004550   0x00000052   Code   RO          957    .text.TIM_TI2_ConfigInputStage  stm32f4xx_hal_tim.o
    0x080045a2   0x080045a2   0x00000002   PAD
    0x080045a4   0x080045a4   0x00000004   Code   RO           98    .text.UsageFault_Handler  stm32f4xx_it.o
    0x080045a8   0x080045a8   0x00000030   Code   RO          496    .text.__NVIC_EnableIRQ  stm32f4xx_hal_cortex.o
    0x080045d8   0x080045d8   0x00000010   Code   RO          488    .text.__NVIC_GetPriorityGrouping  stm32f4xx_hal_cortex.o
    0x080045e8   0x080045e8   0x00000042   Code   RO          490    .text.__NVIC_SetPriority  stm32f4xx_hal_cortex.o
    0x0800462a   0x0800462a   0x00000002   PAD
    0x0800462c   0x0800462c   0x0000003c   Code   RO          484    .text.__NVIC_SetPriorityGrouping  stm32f4xx_hal_cortex.o
    0x08004668   0x08004668   0x00000040   Code   RO         1111    .text.init_all_leds  init_ctrl.o
    0x080046a8   0x080046a8   0x00000046   Code   RO         1113    .text.init_all_motors  init_ctrl.o
    0x080046ee   0x080046ee   0x00000002   PAD
    0x080046f0   0x080046f0   0x00000110   Code   RO         1208    .text.m2006_decode  protocol_motor.o
    0x08004800   0x08004800   0x00000034   Code   RO           11    .text.main          main.o
    0x08004834   0x08004834   0x0000000e   Code   RO         1874    i.__scatterload_copy  mc_w.l(handlers.o)
    0x08004842   0x08004842   0x00000002   Code   RO         1875    i.__scatterload_null  mc_w.l(handlers.o)
    0x08004844   0x08004844   0x0000000e   Code   RO         1876    i.__scatterload_zeroinit  mc_w.l(handlers.o)
    0x08004852   0x08004852   0x00000010   Data   RO         1100    .rodata.AHBPrescTable  system_stm32f4xx.o
    0x08004862   0x08004862   0x00000008   Data   RO          414    .rodata.DMA_CalcBaseAndBitshift.flagBitshiftOffset  stm32f4xx_hal_dma.o
    0x0800486a   0x0800486a   0x00000002   PAD
    0x0800486c   0x0800486c   0x00000020   Data   RO         1873    Region$$Table       anon$$obj.o


    Execution Region RW_IRAM1 (Exec base: 0x20000000, Load base: 0x08004890, Size: 0x00002498, Max: 0x0001c000, ABSOLUTE)

    Exec Addr    Load Addr    Size         Type   Attr      Idx    E Section Name        Object

    0x20000000   0x08004890   0x00000014   Data   RW         1118    .data.GPIO_KEY      init_ctrl.o
    0x20000014   0x080048a4   0x00000014   Data   RW         1115    .data.GPIO_LED_B    init_ctrl.o
    0x20000028   0x080048b8   0x00000014   Data   RW         1116    .data.GPIO_LED_G    init_ctrl.o
    0x2000003c   0x080048cc   0x00000014   Data   RW         1117    .data.GPIO_LED_R    init_ctrl.o
    0x20000050   0x080048e0   0x00000004   Data   RW         1099    .data.SystemCoreClock  system_stm32f4xx.o
    0x20000054   0x080048e4   0x00000001   Data   RW          608    .data.uwTickFreq    stm32f4xx_hal.o
    0x20000055   0x080048e5   0x00000003   PAD
    0x20000058   0x080048e8   0x00000004   Data   RW          607    .data.uwTickPrio    stm32f4xx_hal.o
    0x2000005c   0x080048ec   0x00000004   PAD
    0x20000060        -       0x00000038   Zero   RW         1122    .bss.Buzzer_Data    init_ctrl.o
    0x20000098        -       0x00000018   Zero   RW         1128    .bss.LED_B          init_ctrl.o
    0x200000b0        -       0x00000018   Zero   RW         1127    .bss.LED_G          init_ctrl.o
    0x200000c8        -       0x00000018   Zero   RW         1126    .bss.LED_R          init_ctrl.o
    0x200000e0        -       0x00000140   Zero   RW         1198    .bss.Motor_ControlTest  app_motor_test.o
    0x20000220        -       0x0000002c   Zero   RW         1125    .bss.Motor_Test     init_ctrl.o
    0x2000024c        -       0x00000030   Zero   RW         1124    .bss.Motor_TestMotors  init_ctrl.o
    0x2000027c        -       0x00000004   Zero   RW         1130    .bss.Motor_groupHandle  init_ctrl.o
    0x20000280        -       0x0000003c   Zero   RW         1123    .bss.Servo_Data     init_ctrl.o
    0x200002bc        -       0x00000028   Zero   RW           39    .bss.hcan1          can.o
    0x200002e4        -       0x00000060   Zero   RW           62    .bss.hdma_spi1_rx   spi.o
    0x20000344        -       0x00000060   Zero   RW           63    .bss.hdma_spi1_tx   spi.o
    0x200003a4        -       0x00000058   Zero   RW           61    .bss.hspi1          spi.o
    0x200003fc        -       0x00000048   Zero   RW           81    .bss.htim1          tim.o
    0x20000444        -       0x00000048   Zero   RW           82    .bss.htim4          tim.o
    0x2000048c        -       0x00000004   Zero   RW         1146    .bss.trigger_time   callback_ctrl.o
    0x20000490        -       0x00000004   Zero   RW          609    .bss.uwTick         stm32f4xx_hal.o
    0x20000494   0x080048ec   0x00000004   PAD
    0x20000498        -       0x00002000   Zero   RW            1    STACK               startup_stm32f407xx.o


    Execution Region RW_IRAM2 (Exec base: 0x2001c000, Load base: 0x080048f0, Size: 0x00000000, Max: 0x00004000, ABSOLUTE)

    **** No section assigned to this execution region ****


==============================================================================

Image component sizes


      Code (inc. data)   RO Data    RW Data    ZI Data      Debug   Object Name

       140          0          0          0          0       3851   alg_pid.o
       172         28          0          0        320       4968   app_motor_test.o
       298          0          0          0          4       4140   callback_ctrl.o
       240          0          0          0         40       5990   can.o
        80          0          0          0          0       3299   dma.o
       358          0          0          0          0       4067   gpio.o
       254          4          0         80        284      10159   init_ctrl.o
        24          0          0          0          0       2310   lib_filter.o
       254          0          0          0          0       2696   main.o
       200         12          0          0          0       4891   periph_buzzer.o
       154          0          0          0          0       2051   periph_led.o
       146          0          0          0          0       4245   periph_motor_can.o
       130          8          0          0          0       4909   periph_servo.o
       334          8          0          0          0       4220   protocol_motor.o
       486          0          0          0        280       5094   spi.o
        36          8        392          0       8192        856   startup_stm32f407xx.o
       270          0          0          5          4       7116   stm32f4xx_hal.o
      2712          0          0          0          0      11322   stm32f4xx_hal_can.o
       482          0          0          0          0       9429   stm32f4xx_hal_cortex.o
      1490          8          8          0          0       8476   stm32f4xx_hal_dma.o
      1146          0          0          0          0       5095   stm32f4xx_hal_gpio.o
        74          0          0          0          0       1486   stm32f4xx_hal_msp.o
      2566          0          0          0          0       7579   stm32f4xx_hal_rcc.o
       256          0          0          0          0      19672   stm32f4xx_hal_spi.o
      3354         14          0          0          0      35760   stm32f4xx_hal_tim.o
       468          0          0          0          0      15264   stm32f4xx_hal_tim_ex.o
       104          0          0          0          0       1555   stm32f4xx_it.o
        18          0         16          4          0       2532   system_stm32f4xx.o
        34          0          0          0          0        467   task_ctrl.o
       812          0          0          0        144       6836   tim.o
       220          0          0          0          0       3818   util_can.o
       100          0          0          0          0       1780   util_gpio.o
       320          0          0          0          0       4911   util_pwm.o

    ----------------------------------------------------------------------
     17840         90        450         92       9276     210844   Object Totals
         0          0         32          0          0          0   (incl. Generated)
       108          0          2          3          8          0   (incl. Padding)

    ----------------------------------------------------------------------

      Code (inc. data)   RO Data    RW Data    ZI Data      Debug   Library Member Name

         0          0          0          0          0          0   entry.o
         0          0          0          0          0          0   entry10a.o
         0          0          0          0          0          0   entry11a.o
         8          4          0          0          0          0   entry2.o
         4          0          0          0          0          0   entry5.o
         0          0          0          0          0          0   entry7b.o
         0          0          0          0          0          0   entry8b.o
         8          4          0          0          0          0   entry9a.o
        30          0          0          0          0          0   handlers.o
        36          8          0          0          0         68   init.o
        30          0          0          0          0         68   llshl.o
        32          0          0          0          0         68   llushr.o
        36          0          0          0          0        108   memseta.o
        98          0          0          0          0         92   uldiv.o

    ----------------------------------------------------------------------
       282         16          0          0          0        404   Library Totals
         0          0          0          0          0          0   (incl. Padding)

    ----------------------------------------------------------------------

      Code (inc. data)   RO Data    RW Data    ZI Data      Debug   Library Name

       282         16          0          0          0        404   mc_w.l

    ----------------------------------------------------------------------
       282         16          0          0          0        404   Library Totals

    ----------------------------------------------------------------------

==============================================================================


      Code (inc. data)   RO Data    RW Data    ZI Data      Debug   

     18122        106        450         92       9276     210728   Grand Totals
     18122        106        450         92       9276     210728   ELF Image Totals
     18122        106        450         92          0          0   ROM Totals

==============================================================================

    Total RO  Size (Code + RO Data)                18572 (  18.14kB)
    Total RW  Size (RW Data + ZI Data)              9368 (   9.15kB)
    Total ROM Size (Code + RO Data + RW Data)      18664 (  18.23kB)

==============================================================================

